<html>
<body>
<pre>
<h1>µVision Build Log</h1>
<h2>Tool Versions:</h2>
IDE-Version: ¦ÌVision V5.36.0.0
Copyright (C) 2021 ARM Ltd and ARM Germany GmbH. All rights reserved.
License Information: 1 1, 1, LIC=TIVNB-2T29D-12ALE-5MNPA-9AMNV-D7D1Y
 
Tool Versions:
Toolchain:       MDK-ARM Plus  Version: 5.36.0.0
Toolchain Path:  E:\keil5\ARM\ARMCC\Bin
C Compiler:      Armcc.exe V5.06 update 7 (build 960)
Assembler:       Armasm.exe V5.06 update 7 (build 960)
Linker/Locator:  ArmLink.exe V5.06 update 7 (build 960)
Library Manager: ArmAr.exe V5.06 update 7 (build 960)
Hex Converter:   FromElf.exe V5.06 update 7 (build 960)
CPU DLL:         SARMCM3.DLL V5.36.0.0
Dialog DLL:      DCM.DLL V1.17.3.0
Target DLL:      CMSIS_AGDI.dll V1.33.0.0
Dialog DLL:      TCM.DLL V1.53.0.0
 
<h2>Project:</h2>
E:\A_PCB_solder_detection_based_on_machine_vision_recognition\RElavnt_Project\Crema_2\Project\RVMDK£¨uv5£©\BH-F429.uvprojx
Project File Date:  04/22/2026

<h2>Output:</h2>
*** Using Compiler 'V5.06 update 7 (build 960)', folder: 'E:\keil5\ARM\ARMCC\Bin'
Rebuild target 'OV5640'
Note: source file '..\..\User\Bsp\key\bsp_key.c' - object file renamed from '..\..\Output\bsp_key.o' to '..\..\Output\bsp_key_1.o'.
assembling startup_stm32f429_439xx.s...
compiling system_stm32f4xx.c...
compiling stm32f4xx_hash.c...
compiling stm32f4xx_hash_sha1.c...
compiling stm32f4xx_cryp_des.c...
compiling stm32f4xx_i2c.c...
compiling stm32f4xx_hash_md5.c...
compiling stm32f4xx_dac.c...
compiling stm32f4xx_cryp.c...
compiling stm32f4xx_dcmi.c...
compiling stm32f4xx_cryp_aes.c...
compiling stm32f4xx_dma2d.c...
compiling stm32f4xx_dma.c...
compiling stm32f4xx_gpio.c...
compiling stm32f4xx_crc.c...
compiling stm32f4xx_iwdg.c...
compiling misc.c...
compiling stm32f4xx_flash.c...
compiling stm32f4xx_dbgmcu.c...
compiling stm32f4xx_exti.c...
compiling stm32f4xx_cryp_tdes.c...
compiling stm32f4xx_pwr.c...
compiling stm32f4xx_adc.c...
compiling stm32f4xx_ltdc.c...
compiling stm32f4xx_fmc.c...
compiling stm32f4xx_can.c...
compiling stm32f4xx_rng.c...
compiling stm32f4xx_rcc.c...
compiling stm32f4xx_sai.c...
compiling stm32f4xx_rtc.c...
compiling stm32f4xx_sdio.c...
compiling stm32f4xx_syscfg.c...
compiling stm32f4xx_spi.c...
compiling stm32f4xx_usart.c...
compiling stm32f4xx_tim.c...
compiling stm32f4xx_wwdg.c...
compiling api_lib.c...
compiling api_msg.c...
compiling err.c...
compiling bsp_debug_usart.c...
compiling fonts.c...
compiling netbuf.c...
compiling bsp_sdram.c...
compiling stm32f4xx_it.c...
..\..\User\stm32f4xx_it.c(177): warning:  #177-D: variable "line_num"  was declared but never referenced
  static uint16_t line_num =0;
..\..\User\stm32f4xx_it.c: 1 warning, 0 errors
compiling bsp_spi_flash.c...
compiling main.c...
..\..\User\main.c(125): warning:  #550-D: variable "focus_status"  was set but never used
    uint8_t focus_status = 0;
..\..\User\main.c: 1 warning, 0 errors
compiling netifapi.c...
compiling netdb.c...
compiling bsp_SysTick.c...
compiling sockets.c...
compiling tcpip.c...
compiling bsp_lcd.c...
compiling autoip.c...
compiling ov5640_AF.c...
compiling camtcp_capture.c...
compiling igmp.c...
compiling icmp.c...
compiling inet.c...
compiling bsp_key.c...
compiling bsp_ov5640.c...
compiling tcp_echoclient.c...
compiling netconf.c...
compiling inet_chksum.c...
compiling ip_addr.c...
compiling ip.c...
compiling stm32f429_phy.c...
compiling def.c...
compiling dns.c...
compiling ip_frag.c...
compiling stm32f429_eth.c...
compiling dhcp.c...
compiling mem.c...
compiling init.c...
compiling memp.c...
compiling netif.c...
compiling stats.c...
compiling sys.c...
compiling raw.c...
compiling pbuf.c...
compiling tcp.c...
compiling tcp_in.c...
compiling timers.c...
compiling udp.c...
compiling tcp_out.c...
..\..\User\lwip-1.4.1\src\core\tcp_out.c(845): warning:  #550-D: variable "tcphdr"  was set but never used
    struct tcp_hdr *tcphdr;
..\..\User\lwip-1.4.1\src\core\tcp_out.c(1367): warning:  #550-D: variable "tcphdr"  was set but never used
    struct tcp_hdr *tcphdr;
..\..\User\lwip-1.4.1\src\core\tcp_out.c: 2 warnings, 0 errors
compiling etharp.c...
compiling ethernetif.c...
linking...
Program Size: Code=39260 RO-data=5556 RW-data=5392 ZI-data=556392  
FromELF: creating hex file...
"..\..\Output\OV5640.axf" - 0 Error(s), 4 Warning(s).

<h2>Software Packages used:</h2>

Package Vendor: Keil
                http://www.keil.com/pack/Keil.STM32F4xx_DFP.2.15.0.pack
                Keil.STM32F4xx_DFP.2.15.0
                STMicroelectronics STM32F4 Series Device Support, Drivers and Examples

<h2>Collection of Component include folders:</h2>
  E:\keil5\Packs\Keil\STM32F4xx_DFP\2.15.0\Drivers\CMSIS\Device\ST\STM32F4xx\Include

<h2>Collection of Component Files used:</h2>
Build Time Elapsed:  00:00:04
</pre>
</body>
</html>
