Component: ARM Compiler 5.06 update 7 (build 960) Tool: armlink [4d3601]

==============================================================================

Section Cross References

    startup_stm32f429_439xx.o(RESET) refers to startup_stm32f429_439xx.o(STACK) for __initial_sp
    startup_stm32f429_439xx.o(RESET) refers to startup_stm32f429_439xx.o(.text) for Reset_Handler
    startup_stm32f429_439xx.o(RESET) refers to stm32f4xx_it.o(i.NMI_Handler) for NMI_Handler
    startup_stm32f429_439xx.o(RESET) refers to stm32f4xx_it.o(i.HardFault_Handler) for HardFault_Handler
    startup_stm32f429_439xx.o(RESET) refers to stm32f4xx_it.o(i.MemManage_Handler) for MemManage_Handler
    startup_stm32f429_439xx.o(RESET) refers to stm32f4xx_it.o(i.BusFault_Handler) for BusFault_Handler
    startup_stm32f429_439xx.o(RESET) refers to stm32f4xx_it.o(i.UsageFault_Handler) for UsageFault_Handler
    startup_stm32f429_439xx.o(RESET) refers to stm32f4xx_it.o(i.SVC_Handler) for SVC_Handler
    startup_stm32f429_439xx.o(RESET) refers to stm32f4xx_it.o(i.DebugMon_Handler) for DebugMon_Handler
    startup_stm32f429_439xx.o(RESET) refers to stm32f4xx_it.o(i.PendSV_Handler) for PendSV_Handler
    startup_stm32f429_439xx.o(RESET) refers to stm32f4xx_it.o(i.SysTick_Handler) for SysTick_Handler
    startup_stm32f429_439xx.o(RESET) refers to bsp_ov5640.o(i.DMA2_Stream1_IRQHandler) for DMA2_Stream1_IRQHandler
    startup_stm32f429_439xx.o(RESET) refers to bsp_ov5640.o(i.DCMI_IRQHandler) for DCMI_IRQHandler
    startup_stm32f429_439xx.o(.text) refers to system_stm32f4xx.o(i.SystemInit) for SystemInit
    startup_stm32f429_439xx.o(.text) refers to entry.o(.ARM.Collect$$$$00000000) for __main
    system_stm32f4xx.o(i.SystemCoreClockUpdate) refers to system_stm32f4xx.o(.data) for .data
    system_stm32f4xx.o(i.SystemInit) refers to system_stm32f4xx.o(i.SetSysClock) for SetSysClock
    stm32f4xx_adc.o(i.ADC_DeInit) refers to stm32f4xx_rcc.o(i.RCC_APB2PeriphResetCmd) for RCC_APB2PeriphResetCmd
    stm32f4xx_can.o(i.CAN_DeInit) refers to stm32f4xx_rcc.o(i.RCC_APB1PeriphResetCmd) for RCC_APB1PeriphResetCmd
    stm32f4xx_can.o(i.CAN_GetITStatus) refers to stm32f4xx_can.o(i.CheckITStatus) for CheckITStatus
    stm32f4xx_cryp.o(i.CRYP_DeInit) refers to stm32f4xx_rcc.o(i.RCC_AHB2PeriphResetCmd) for RCC_AHB2PeriphResetCmd
    stm32f4xx_cryp_aes.o(i.CRYP_AES_CBC) refers to stm32f4xx_cryp.o(i.CRYP_KeyStructInit) for CRYP_KeyStructInit
    stm32f4xx_cryp_aes.o(i.CRYP_AES_CBC) refers to stm32f4xx_cryp.o(i.CRYP_KeyInit) for CRYP_KeyInit
    stm32f4xx_cryp_aes.o(i.CRYP_AES_CBC) refers to stm32f4xx_cryp.o(i.CRYP_Init) for CRYP_Init
    stm32f4xx_cryp_aes.o(i.CRYP_AES_CBC) refers to stm32f4xx_cryp.o(i.CRYP_IVInit) for CRYP_IVInit
    stm32f4xx_cryp_aes.o(i.CRYP_AES_CBC) refers to stm32f4xx_cryp.o(i.CRYP_FIFOFlush) for CRYP_FIFOFlush
    stm32f4xx_cryp_aes.o(i.CRYP_AES_CBC) refers to stm32f4xx_cryp.o(i.CRYP_Cmd) for CRYP_Cmd
    stm32f4xx_cryp_aes.o(i.CRYP_AES_CBC) refers to stm32f4xx_cryp.o(i.CRYP_GetCmdStatus) for CRYP_GetCmdStatus
    stm32f4xx_cryp_aes.o(i.CRYP_AES_CBC) refers to stm32f4xx_cryp.o(i.CRYP_GetFlagStatus) for CRYP_GetFlagStatus
    stm32f4xx_cryp_aes.o(i.CRYP_AES_CBC) refers to stm32f4xx_cryp.o(i.CRYP_DataIn) for CRYP_DataIn
    stm32f4xx_cryp_aes.o(i.CRYP_AES_CBC) refers to stm32f4xx_cryp.o(i.CRYP_DataOut) for CRYP_DataOut
    stm32f4xx_cryp_aes.o(i.CRYP_AES_CCM) refers to stm32f4xx_cryp.o(i.CRYP_KeyStructInit) for CRYP_KeyStructInit
    stm32f4xx_cryp_aes.o(i.CRYP_AES_CCM) refers to stm32f4xx_cryp.o(i.CRYP_FIFOFlush) for CRYP_FIFOFlush
    stm32f4xx_cryp_aes.o(i.CRYP_AES_CCM) refers to stm32f4xx_cryp.o(i.CRYP_KeyInit) for CRYP_KeyInit
    stm32f4xx_cryp_aes.o(i.CRYP_AES_CCM) refers to stm32f4xx_cryp.o(i.CRYP_IVInit) for CRYP_IVInit
    stm32f4xx_cryp_aes.o(i.CRYP_AES_CCM) refers to stm32f4xx_cryp.o(i.CRYP_Init) for CRYP_Init
    stm32f4xx_cryp_aes.o(i.CRYP_AES_CCM) refers to stm32f4xx_cryp.o(i.CRYP_PhaseConfig) for CRYP_PhaseConfig
    stm32f4xx_cryp_aes.o(i.CRYP_AES_CCM) refers to stm32f4xx_cryp.o(i.CRYP_DataIn) for CRYP_DataIn
    stm32f4xx_cryp_aes.o(i.CRYP_AES_CCM) refers to stm32f4xx_cryp.o(i.CRYP_Cmd) for CRYP_Cmd
    stm32f4xx_cryp_aes.o(i.CRYP_AES_CCM) refers to stm32f4xx_cryp.o(i.CRYP_GetCmdStatus) for CRYP_GetCmdStatus
    stm32f4xx_cryp_aes.o(i.CRYP_AES_CCM) refers to stm32f4xx_cryp.o(i.CRYP_GetFlagStatus) for CRYP_GetFlagStatus
    stm32f4xx_cryp_aes.o(i.CRYP_AES_CCM) refers to stm32f4xx_cryp.o(i.CRYP_DataOut) for CRYP_DataOut
    stm32f4xx_cryp_aes.o(i.CRYP_AES_CTR) refers to stm32f4xx_cryp.o(i.CRYP_KeyStructInit) for CRYP_KeyStructInit
    stm32f4xx_cryp_aes.o(i.CRYP_AES_CTR) refers to stm32f4xx_cryp.o(i.CRYP_KeyInit) for CRYP_KeyInit
    stm32f4xx_cryp_aes.o(i.CRYP_AES_CTR) refers to stm32f4xx_cryp.o(i.CRYP_Init) for CRYP_Init
    stm32f4xx_cryp_aes.o(i.CRYP_AES_CTR) refers to stm32f4xx_cryp.o(i.CRYP_IVInit) for CRYP_IVInit
    stm32f4xx_cryp_aes.o(i.CRYP_AES_CTR) refers to stm32f4xx_cryp.o(i.CRYP_FIFOFlush) for CRYP_FIFOFlush
[...]
    ___aeabi_memcpy8$move                    0x080001e9   Thumb Code     0  memmovea.o(.text)
    __aeabi_memcpy                           0x080001e9   Thumb Code    64  memmovea.o(.text)
    __aeabi_memcpy4                          0x080001e9   Thumb Code     0  memmovea.o(.text)
    __aeabi_memmove                          0x080001e9   Thumb Code     0  memmovea.o(.text)
    __aeabi_memmove4                         0x080001e9   Thumb Code     0  memmovea.o(.text)
    __aeabi_memmove8                         0x080001e9   Thumb Code     0  memmovea.o(.text)
    __aeabi_memset                           0x08000229   Thumb Code    14  memseta.o(.text)
    __aeabi_memset4                          0x08000229   Thumb Code     0  memseta.o(.text)
    __aeabi_memset8                          0x08000229   Thumb Code     0  memseta.o(.text)
    __aeabi_memclr                           0x08000237   Thumb Code     4  memseta.o(.text)
    __aeabi_memclr4                          0x08000237   Thumb Code     0  memseta.o(.text)
    __aeabi_memclr8                          0x08000237   Thumb Code     0  memseta.o(.text)
    _memset$wrapper                          0x0800023b   Thumb Code    18  memseta.o(.text)
    memcmp                                   0x0800024d   Thumb Code    26  memcmp.o(.text)
    __aeabi_ddiv                             0x08000267   Thumb Code   222  ddiv.o(.text)
    __aeabi_ui2d                             0x08000345   Thumb Code    26  dfltui.o(.text)
    __aeabi_uidiv                            0x0800035f   Thumb Code     0  uidiv.o(.text)
    __aeabi_uidivmod                         0x0800035f   Thumb Code    44  uidiv.o(.text)
    __aeabi_uldivmod                         0x0800038b   Thumb Code    98  uldiv.o(.text)
    __I$use$fp                               0x080003ed   Thumb Code     0  iusefp.o(.text)
    _double_round                            0x080003ed   Thumb Code    30  depilogue.o(.text)
    _double_epilogue                         0x0800040b   Thumb Code   156  depilogue.o(.text)
    __aeabi_dadd                             0x080004a7   Thumb Code   322  dadd.o(.text)
    __aeabi_dsub                             0x080005e9   Thumb Code     6  dadd.o(.text)
    __aeabi_drsub                            0x080005ef   Thumb Code     6  dadd.o(.text)
    __aeabi_dmul                             0x080005f5   Thumb Code   228  dmul.o(.text)
    __aeabi_d2ulz                            0x080006d9   Thumb Code    48  dfixul.o(.text)
    __aeabi_cdrcmple                         0x08000709   Thumb Code    48  cdrcmple.o(.text)
    __scatterload                            0x08000739   Thumb Code    28  init.o(.text)
    __scatterload_rt2                        0x08000739   Thumb Code     0  init.o(.text)
    __aeabi_llsl                             0x0800075d   Thumb Code    30  llshl.o(.text)
    _ll_shift_l                              0x0800075d   Thumb Code     0  llshl.o(.text)
    __aeabi_llsr                             0x0800077b   Thumb Code    32  llushr.o(.text)
    _ll_ushift_r                             0x0800077b   Thumb Code     0  llushr.o(.text)
    __aeabi_lasr                             0x0800079b   Thumb Code    36  llsshr.o(.text)
    _ll_sshift_r                             0x0800079b   Thumb Code     0  llsshr.o(.text)
    __decompress                             0x080007bf   Thumb Code     0  __dclz77c.o(.text)
    __decompress2                            0x080007bf   Thumb Code    94  __dclz77c.o(.text)
    BusFault_Handler                         0x0800081d   Thumb Code     2  stm32f4xx_it.o(i.BusFault_Handler)
    Camera_Mode_Config                       0x08000821   Thumb Code    70  main.o(i.Camera_Mode_Config)
    Camera_Mode_Reconfig                     0x0800086d   Thumb Code    72  main.o(i.Camera_Mode_Reconfig)
    DCMI_CaptureCmd                          0x080008b9   Thumb Code    26  stm32f4xx_dcmi.o(i.DCMI_CaptureCmd)
    DCMI_ClearITPendingBit                   0x080008d9   Thumb Code     6  stm32f4xx_dcmi.o(i.DCMI_ClearITPendingBit)
    DCMI_Cmd                                 0x080008e5   Thumb Code    26  stm32f4xx_dcmi.o(i.DCMI_Cmd)
    DCMI_DMAConvCplt                         0x08000905   Thumb Code   124  bsp_ov5640.o(i.DCMI_DMAConvCplt)
    DCMI_DMA_MultiBufferStart_IT             0x08000989   Thumb Code   100  bsp_ov5640.o(i.DCMI_DMA_MultiBufferStart_IT)
    DCMI_GetFlagStatus                       0x080009f5   Thumb Code    34  stm32f4xx_dcmi.o(i.DCMI_GetFlagStatus)
    DCMI_GetITStatus                         0x08000a1d   Thumb Code    18  stm32f4xx_dcmi.o(i.DCMI_GetITStatus)
    DCMI_IRQHandler                          0x08000a35   Thumb Code   206  bsp_ov5640.o(i.DCMI_IRQHandler)
    DCMI_ITConfig                            0x08000b29   Thumb Code    26  stm32f4xx_dcmi.o(i.DCMI_ITConfig)
    DCMI_Init                                0x08000b49   Thumb Code    54  stm32f4xx_dcmi.o(i.DCMI_Init)
    DCMI_Start                               0x08000b85   Thumb Code    20  bsp_ov5640.o(i.DCMI_Start)
    DCMI_Stop                                0x08000b9d   Thumb Code    24  bsp_ov5640.o(i.DCMI_Stop)
    DMA2D_DeInit                             0x08000bb9   Thumb Code    24  stm32f4xx_dma2d.o(i.DMA2D_DeInit)
    DMA2D_GetFlagStatus                      0x08000bd1   Thumb Code    16  stm32f4xx_dma2d.o(i.DMA2D_GetFlagStatus)
    DMA2D_Init                               0x08000be5   Thumb Code   174  stm32f4xx_dma2d.o(i.DMA2D_Init)
    DMA2D_StartTransfer                      0x08000c9d   Thumb Code    12  stm32f4xx_dma2d.o(i.DMA2D_StartTransfer)
    DMA2_Stream1_IRQHandler                  0x08000cad   Thumb Code   100  bsp_ov5640.o(i.DMA2_Stream1_IRQHandler)
    DMA_ClearFlag                            0x08000d35   Thumb Code    32  stm32f4xx_dma.o(i.DMA_ClearFlag)
    DMA_Cmd                                  0x08000d61   Thumb Code    24  stm32f4xx_dma.o(i.DMA_Cmd)
    DMA_DoubleBufferModeCmd                  0x08000d79   Thumb Code    24  stm32f4xx_dma.o(i.DMA_DoubleBufferModeCmd)
    DMA_GetCmdStatus                         0x08000d91   Thumb Code    14  stm32f4xx_dma.o(i.DMA_GetCmdStatus)
    DMA_GetFlagStatus                        0x08000da1   Thumb Code    40  stm32f4xx_dma.o(i.DMA_GetFlagStatus)
    DMA_ITConfig                             0x08000dd5   Thumb Code    50  stm32f4xx_dma.o(i.DMA_ITConfig)
    DMA_Init                                 0x08000e09   Thumb Code    80  stm32f4xx_dma.o(i.DMA_Init)
    DMA_StructInit                           0x08000e71   Thumb Code    34  stm32f4xx_dma.o(i.DMA_StructInit)
    DebugMon_Handler                         0x08000e93   Thumb Code     2  stm32f4xx_it.o(i.DebugMon_Handler)
    Debug_USART_Config                       0x08000e95   Thumb Code   142  bsp_debug_usart.o(i.Debug_USART_Config)
    Delay_10ms                               0x08000f2d   Thumb Code    16  bsp_systick.o(i.Delay_10ms)
    Delay_ms                                 0x08000f41   Thumb Code    16  bsp_systick.o(i.Delay_ms)
    ETH_BSP_Config                           0x08000f55   Thumb Code    34  stm32f429_phy.o(i.ETH_BSP_Config)
    ETH_CheckFrameReceived                   0x08000f7d   Thumb Code   110  stm32f429_eth.o(i.ETH_CheckFrameReceived)
    ETH_CheckLinkStatus                      0x08000ff1   Thumb Code    56  stm32f429_phy.o(i.ETH_CheckLinkStatus)
    ETH_DMAReceptionCmd                      0x08001031   Thumb Code    26  stm32f429_eth.o(i.ETH_DMAReceptionCmd)
    ETH_DMARxDescChainInit                   0x08001051   Thumb Code    80  stm32f429_eth.o(i.ETH_DMARxDescChainInit)
    ETH_DMATransmissionCmd                   0x080010ad   Thumb Code    26  stm32f429_eth.o(i.ETH_DMATransmissionCmd)
    ETH_DMATxDescChainInit                   0x080010cd   Thumb Code    62  stm32f429_eth.o(i.ETH_DMATxDescChainInit)
    ETH_DMATxDescChecksumInsertionConfig     0x08001115   Thumb Code     8  stm32f429_eth.o(i.ETH_DMATxDescChecksumInsertionConfig)
    ETH_DeInit                               0x0800111d   Thumb Code    24  stm32f429_eth.o(i.ETH_DeInit)
    ETH_FlushTransmitFIFO                    0x08001135   Thumb Code    28  stm32f429_eth.o(i.ETH_FlushTransmitFIFO)
    ETH_GetSoftwareResetStatus               0x080012a5   Thumb Code    14  stm32f429_eth.o(i.ETH_GetSoftwareResetStatus)
    ETH_Get_Received_Frame                   0x080012b9   Thumb Code    44  stm32f429_eth.o(i.ETH_Get_Received_Frame)
    ETH_Init                                 0x080012e9   Thumb Code   632  stm32f429_eth.o(i.ETH_Init)
    ETH_MACAddressConfig                     0x08001595   Thumb Code    38  stm32f429_eth.o(i.ETH_MACAddressConfig)
    ETH_MACReceptionCmd                      0x0800164d   Thumb Code    46  stm32f429_eth.o(i.ETH_MACReceptionCmd)
    ETH_MACTransmissionCmd                   0x08001681   Thumb Code    46  stm32f429_eth.o(i.ETH_MACTransmissionCmd)
    ETH_Prepare_Transmit_Descriptors         0x080016b5   Thumb Code   170  stm32f429_eth.o(i.ETH_Prepare_Transmit_Descriptors)
    ETH_ReadPHYRegister                      0x08001769   Thumb Code    80  stm32f429_eth.o(i.ETH_ReadPHYRegister)
    ETH_SoftwareReset                        0x080017c1   Thumb Code    12  stm32f429_eth.o(i.ETH_SoftwareReset)
    ETH_Start                                0x080017d1   Thumb Code    34  stm32f429_eth.o(i.ETH_Start)
    ETH_Stop                                 0x080017f3   Thumb Code    34  stm32f429_eth.o(i.ETH_Stop)
    ETH_StructInit                           0x08001815   Thumb Code   154  stm32f429_eth.o(i.ETH_StructInit)
    ETH_WritePHYRegister                     0x080018b1   Thumb Code    80  stm32f429_eth.o(i.ETH_WritePHYRegister)
    ETH_link_callback                        0x08001909   Thumb Code   174  stm32f429_phy.o(i.ETH_link_callback)
    FMC_GetFlagStatus                        0x080019d5   Thumb Code    54  stm32f4xx_fmc.o(i.FMC_GetFlagStatus)
    FMC_SDRAMCmdConfig                       0x08001a0d   Thumb Code    26  stm32f4xx_fmc.o(i.FMC_SDRAMCmdConfig)
    FMC_SDRAMInit                            0x08001a2d   Thumb Code   262  stm32f4xx_fmc.o(i.FMC_SDRAMInit)
    FMC_SetRefreshCount                      0x08001b35   Thumb Code    12  stm32f4xx_fmc.o(i.FMC_SetRefreshCount)
    GPIO_Init                                0x08001b45   Thumb Code   124  stm32f4xx_gpio.o(i.GPIO_Init)
    GPIO_PinAFConfig                         0x08001bc1   Thumb Code    32  stm32f4xx_gpio.o(i.GPIO_PinAFConfig)
    GPIO_ReadInputDataBit                    0x08001be1   Thumb Code    14  stm32f4xx_gpio.o(i.GPIO_ReadInputDataBit)
    GPIO_ResetBits                           0x08001bef   Thumb Code     4  stm32f4xx_gpio.o(i.GPIO_ResetBits)
    GPIO_SetBits                             0x08001bf3   Thumb Code     4  stm32f4xx_gpio.o(i.GPIO_SetBits)
    GetGBKCode_from_EXFlash                  0x08001bf9   Thumb Code    72  fonts.o(i.GetGBKCode_from_EXFlash)
    HAL_DCMI_Start_DMA                       0x08001c45   Thumb Code   238  bsp_ov5640.o(i.HAL_DCMI_Start_DMA)
    HardFault_Handler                        0x08001d45   Thumb Code     8  stm32f4xx_it.o(i.HardFault_Handler)
    I2C_AcknowledgeConfig                    0x08001d5d   Thumb Code    24  stm32f4xx_i2c.o(i.I2C_AcknowledgeConfig)
    I2C_CheckEvent                           0x08001d75   Thumb Code    24  stm32f4xx_i2c.o(i.I2C_CheckEvent)
    I2C_Cmd                                  0x08001d8d   Thumb Code    24  stm32f4xx_i2c.o(i.I2C_Cmd)
    I2C_DeInit                               0x08001da5   Thumb Code    88  stm32f4xx_i2c.o(i.I2C_DeInit)
    I2C_GenerateSTART                        0x08001e09   Thumb Code    24  stm32f4xx_i2c.o(i.I2C_GenerateSTART)
    I2C_GenerateSTOP                         0x08001e21   Thumb Code    24  stm32f4xx_i2c.o(i.I2C_GenerateSTOP)
    I2C_Init                                 0x08001e39   Thumb Code   178  stm32f4xx_i2c.o(i.I2C_Init)
    I2C_ReceiveData                          0x08001ef5   Thumb Code     6  stm32f4xx_i2c.o(i.I2C_ReceiveData)
    I2C_Send7bitAddress                      0x08001efb   Thumb Code    18  stm32f4xx_i2c.o(i.I2C_Send7bitAddress)
    I2C_SendData                             0x08001f0d   Thumb Code     4  stm32f4xx_i2c.o(i.I2C_SendData)
    Key_Scan                                 0x08001f11   Thumb Code    38  bsp_key_1.o(i.Key_Scan)
    LCD_Clear                                0x08001f39   Thumb Code   104  bsp_lcd.o(i.LCD_Clear)
    LCD_DispChar_CH                          0x08001fa5   Thumb Code   116  bsp_lcd.o(i.LCD_DispChar_CH)
    LCD_DisplayChar                          0x0800201d   Thumb Code    26  bsp_lcd.o(i.LCD_DisplayChar)
    LCD_DisplayStringLine_EN_CH              0x0800203d   Thumb Code    92  bsp_lcd.o(i.LCD_DisplayStringLine_EN_CH)
    LCD_DrawChar                             0x0800209d   Thumb Code   134  bsp_lcd.o(i.LCD_DrawChar)
    LCD_GetFont                              0x08002425   Thumb Code     6  bsp_lcd.o(i.LCD_GetFont)
    LCD_Init                                 0x08002431   Thumb Code   130  bsp_lcd.o(i.LCD_Init)
    LCD_LayerCamInit                         0x080024b5   Thumb Code   136  bsp_lcd.o(i.LCD_LayerCamInit)
    LCD_LayerInit                            0x08002545   Thumb Code   144  bsp_lcd.o(i.LCD_LayerInit)
    LCD_SetFont                              0x080025e1   Thumb Code     6  bsp_lcd.o(i.LCD_SetFont)
    LCD_SetLayer                             0x080025ed   Thumb Code    28  bsp_lcd.o(i.LCD_SetLayer)
    LCD_SetTextColor                         0x08002611   Thumb Code     6  bsp_lcd.o(i.LCD_SetTextColor)
    LCD_SetTransparency                      0x0800261d   Thumb Code    40  bsp_lcd.o(i.LCD_SetTransparency)
    LTDC_Cmd                                 0x0800264d   Thumb Code    26  stm32f4xx_ltdc.o(i.LTDC_Cmd)
    LTDC_DitherCmd                           0x0800266d   Thumb Code    26  stm32f4xx_ltdc.o(i.LTDC_DitherCmd)
    LTDC_Init                                0x0800268d   Thumb Code   156  stm32f4xx_ltdc.o(i.LTDC_Init)
    LTDC_LayerAlpha                          0x08002735   Thumb Code     4  stm32f4xx_ltdc.o(i.LTDC_LayerAlpha)
    LTDC_LayerCmd                            0x08002739   Thumb Code    24  stm32f4xx_ltdc.o(i.LTDC_LayerCmd)
    LTDC_LayerInit                           0x08002751   Thumb Code   150  stm32f4xx_ltdc.o(i.LTDC_LayerInit)
    LTDC_ReloadConfig                        0x080027e9   Thumb Code     6  stm32f4xx_ltdc.o(i.LTDC_ReloadConfig)
    LwIP_Init                                0x080027f5   Thumb Code   166  netconf.o(i.LwIP_Init)
    LwIP_Periodic_Handle                     0x08002949   Thumb Code    68  netconf.o(i.LwIP_Periodic_Handle)
    LwIP_Pkt_Handle                          0x08002991   Thumb Code     6  netconf.o(i.LwIP_Pkt_Handle)
    MemManage_Handler                        0x0800299d   Thumb Code     2  stm32f4xx_it.o(i.MemManage_Handler)
    NMI_Handler                              0x0800299f   Thumb Code     2  stm32f4xx_it.o(i.NMI_Handler)
    NVIC_Init                                0x080029a1   Thumb Code    98  misc.o(i.NVIC_Init)
    NVIC_PriorityGroupConfig                 0x08002a09   Thumb Code    10  misc.o(i.NVIC_PriorityGroupConfig)
    OV5640_AUTO_FOCUS                        0x08002a1d   Thumb Code    14  ov5640_af.o(i.OV5640_AUTO_FOCUS)
    OV5640_BrightnessConfig                  0x08002a2b   Thumb Code    70  bsp_ov5640.o(i.OV5640_BrightnessConfig)
    OV5640_Color_Saturation                  0x08002a71   Thumb Code   122  bsp_ov5640.o(i.OV5640_Color_Saturation)
    OV5640_ContrastConfig                    0x08002af1   Thumb Code    66  bsp_ov5640.o(i.OV5640_ContrastConfig)
    OV5640_Exposure                          0x08002b39   Thumb Code   110  bsp_ov5640.o(i.OV5640_Exposure)
    OV5640_FOCUS_AD5820_Constant_Focus       0x08002c99   Thumb Code    70  ov5640_af.o(i.OV5640_FOCUS_AD5820_Constant_Focus)
    OV5640_FOCUS_AD5820_Init                 0x08002ce5   Thumb Code   242  ov5640_af.o(i.OV5640_FOCUS_AD5820_Init)
    OV5640_FrameRate_Set                     0x08002e75   Thumb Code    58  bsp_ov5640.o(i.OV5640_FrameRate_Set)
    OV5640_HW_Init                           0x08002eb1   Thumb Code   540  bsp_ov5640.o(i.OV5640_HW_Init)
    OV5640_Init                              0x080030ed   Thumb Code   160  bsp_ov5640.o(i.OV5640_Init)
    OV5640_LightMode                         0x08003199   Thumb Code   114  bsp_ov5640.o(i.OV5640_LightMode)
    OV5640_OutSize_Set                       0x08003211   Thumb Code   164  bsp_ov5640.o(i.OV5640_OutSize_Set)
    OV5640_RGB565Config                      0x080032b5   Thumb Code   236  bsp_ov5640.o(i.OV5640_RGB565Config)
    OV5640_ReadID                            0x080033dd   Thumb Code    26  bsp_ov5640.o(i.OV5640_ReadID)
    OV5640_ReadReg                           0x080033f9   Thumb Code   324  bsp_ov5640.o(i.OV5640_ReadReg)
    OV5640_Reset                             0x08003549   Thumb Code    10  bsp_ov5640.o(i.OV5640_Reset)
    OV5640_SpecialEffects                    0x08003553   Thumb Code   440  bsp_ov5640.o(i.OV5640_SpecialEffects)
    OV5640_USER_Config                       0x0800370d   Thumb Code   122  bsp_ov5640.o(i.OV5640_USER_Config)
    OV5640_WriteFW                           0x0800378d   Thumb Code   236  bsp_ov5640.o(i.OV5640_WriteFW)
    OV5640_WriteReg                          0x08003885   Thumb Code   220  bsp_ov5640.o(i.OV5640_WriteReg)
    PendSV_Handler                           0x0800396d   Thumb Code     2  stm32f4xx_it.o(i.PendSV_Handler)
    RCC_AHB1PeriphClockCmd                   0x08003971   Thumb Code    22  stm32f4xx_rcc.o(i.RCC_AHB1PeriphClockCmd)
    RCC_AHB1PeriphResetCmd                   0x0800398d   Thumb Code    22  stm32f4xx_rcc.o(i.RCC_AHB1PeriphResetCmd)
    RCC_AHB2PeriphClockCmd                   0x080039a9   Thumb Code    22  stm32f4xx_rcc.o(i.RCC_AHB2PeriphClockCmd)
    RCC_AHB3PeriphClockCmd                   0x080039c5   Thumb Code    22  stm32f4xx_rcc.o(i.RCC_AHB3PeriphClockCmd)
    RCC_APB1PeriphClockCmd                   0x080039e1   Thumb Code    22  stm32f4xx_rcc.o(i.RCC_APB1PeriphClockCmd)
    RCC_APB1PeriphResetCmd                   0x080039fd   Thumb Code    22  stm32f4xx_rcc.o(i.RCC_APB1PeriphResetCmd)
    RCC_APB2PeriphClockCmd                   0x08003a19   Thumb Code    22  stm32f4xx_rcc.o(i.RCC_APB2PeriphClockCmd)
    RCC_GetClocksFreq                        0x08003a35   Thumb Code   148  stm32f4xx_rcc.o(i.RCC_GetClocksFreq)
    RCC_GetFlagStatus                        0x08003ad9   Thumb Code    50  stm32f4xx_rcc.o(i.RCC_GetFlagStatus)
    RCC_LTDCCLKDivConfig                     0x08003b11   Thumb Code    14  stm32f4xx_rcc.o(i.RCC_LTDCCLKDivConfig)
    RCC_PLLSAICmd                            0x08003b25   Thumb Code     6  stm32f4xx_rcc.o(i.RCC_PLLSAICmd)
    RCC_PLLSAIConfig                         0x08003b31   Thumb Code    16  stm32f4xx_rcc.o(i.RCC_PLLSAIConfig)
    SDRAM_Init                               0x08003edd   Thumb Code    92  bsp_sdram.o(i.SDRAM_Init)
    SPI_Cmd                                  0x08004005   Thumb Code    24  stm32f4xx_spi.o(i.SPI_Cmd)
    SPI_FLASH_BufferRead                     0x0800401d   Thumb Code    72  bsp_spi_flash.o(i.SPI_FLASH_BufferRead)
    SPI_FLASH_Init                           0x08004069   Thumb Code   212  bsp_spi_flash.o(i.SPI_FLASH_Init)
    SPI_FLASH_SendByte                       0x08004145   Thumb Code   102  bsp_spi_flash.o(i.SPI_FLASH_SendByte)
    SPI_I2S_GetFlagStatus                    0x080041b5   Thumb Code    14  stm32f4xx_spi.o(i.SPI_I2S_GetFlagStatus)
    SPI_I2S_ReceiveData                      0x080041c3   Thumb Code     4  stm32f4xx_spi.o(i.SPI_I2S_ReceiveData)
    SPI_I2S_SendData                         0x080041c7   Thumb Code     4  stm32f4xx_spi.o(i.SPI_I2S_SendData)
    SPI_Init                                 0x080041cb   Thumb Code    56  stm32f4xx_spi.o(i.SPI_Init)
    SVC_Handler                              0x08004245   Thumb Code     2  stm32f4xx_it.o(i.SVC_Handler)
    SYSCFG_ETH_MediaInterfaceConfig          0x08004249   Thumb Code     6  stm32f4xx_syscfg.o(i.SYSCFG_ETH_MediaInterfaceConfig)
    SysTick_Handler                          0x08004329   Thumb Code    40  stm32f4xx_it.o(i.SysTick_Handler)
    SysTick_Init                             0x08004359   Thumb Code    54  bsp_systick.o(i.SysTick_Init)
    SystemInit                               0x08004399   Thumb Code    74  system_stm32f4xx.o(i.SystemInit)
    TimingDelay_Decrement                    0x080043f5   Thumb Code    16  bsp_systick.o(i.TimingDelay_Decrement)
    USART_Cmd                                0x08004409   Thumb Code    24  stm32f4xx_usart.o(i.USART_Cmd)
    USART_GetFlagStatus                      0x08004421   Thumb Code    14  stm32f4xx_usart.o(i.USART_GetFlagStatus)
    USART_Init                               0x08004431   Thumb Code   180  stm32f4xx_usart.o(i.USART_Init)
    USART_SendData                           0x080044ed   Thumb Code     8  stm32f4xx_usart.o(i.USART_SendData)
    UsageFault_Handler                       0x080044f5   Thumb Code     2  stm32f4xx_it.o(i.UsageFault_Handler)
    __0printf                                0x080044f9   Thumb Code    22  printfa.o(i.__0printf)
    __1printf                                0x080044f9   Thumb Code     0  printfa.o(i.__0printf)
    __2printf                                0x080044f9   Thumb Code     0  printfa.o(i.__0printf)
    __c89printf                              0x080044f9   Thumb Code     0  printfa.o(i.__0printf)
    printf                                   0x080044f9   Thumb Code     0  printfa.o(i.__0printf)
    __scatterload_copy                       0x08004519   Thumb Code    14  handlers.o(i.__scatterload_copy)
    __scatterload_null                       0x08004527   Thumb Code     2  handlers.o(i.__scatterload_null)
    __scatterload_zeroinit                   0x08004529   Thumb Code    14  handlers.o(i.__scatterload_zeroinit)
    camtcp_init                              0x08004e31   Thumb Code    88  camtcp_capture.o(i.camtcp_init)
    camtcp_is_busy                           0x08004ea5   Thumb Code    12  camtcp_capture.o(i.camtcp_is_busy)
    camtcp_is_connected                      0x08004eb5   Thumb Code     6  camtcp_capture.o(i.camtcp_is_connected)
    camtcp_poll                              0x08004ec1   Thumb Code    92  camtcp_capture.o(i.camtcp_poll)
    camtcp_request_capture                   0x08004f25   Thumb Code    20  camtcp_capture.o(i.camtcp_request_capture)
    dhcp_arp_reply                           0x08004f89   Thumb Code    30  dhcp.o(i.dhcp_arp_reply)
    dhcp_network_changed                     0x08005219   Thumb Code    70  dhcp.o(i.dhcp_network_changed)
    etharp_cleanup_netif                     0x080054b5   Thumb Code    42  etharp.o(i.etharp_cleanup_netif)
    etharp_output                            0x08005605   Thumb Code   252  etharp.o(i.etharp_output)
    etharp_query                             0x08005751   Thumb Code   248  etharp.o(i.etharp_query)
    etharp_request                           0x080058f5   Thumb Code    32  etharp.o(i.etharp_request)
    etharp_tmr                               0x08005939   Thumb Code    64  etharp.o(i.etharp_tmr)
    ethernet_input                           0x080059fd   Thumb Code   142  etharp.o(i.ethernet_input)
    ethernetif_init                          0x08005a91   Thumb Code    30  ethernetif.o(i.ethernetif_init)
    ethernetif_input                         0x08005ab9   Thumb Code    42  ethernetif.o(i.ethernetif_input)
    fputc                                    0x08005ae5   Thumb Code    30  bsp_debug_usart.o(i.fputc)
    icmp_dest_unreach                        0x08005b09   Thumb Code     8  icmp.o(i.icmp_dest_unreach)
    icmp_input                               0x08005b11   Thumb Code   278  icmp.o(i.icmp_input)
    icmp_time_exceeded                       0x08005c97   Thumb Code     8  icmp.o(i.icmp_time_exceeded)
    inet_chksum                              0x08005c9f   Thumb Code    12  inet_chksum.o(i.inet_chksum)
    inet_chksum_pbuf                         0x08005cab   Thumb Code    72  inet_chksum.o(i.inet_chksum_pbuf)
    ip4_addr_isbroadcast                     0x08005cf3   Thumb Code    64  ip_addr.o(i.ip4_addr_isbroadcast)
    ip_frag                                  0x08005d35   Thumb Code   392  ip_frag.o(i.ip_frag)
    ip_input                                 0x08005ed1   Thumb Code   404  ip.o(i.ip_input)
    ip_output                                0x0800606d   Thumb Code    52  ip.o(i.ip_output)
    ip_output_if                             0x080060a1   Thumb Code   170  ip.o(i.ip_output_if)
    ip_reass                                 0x08006151   Thumb Code   362  ip_frag.o(i.ip_reass)
    ip_route                                 0x08006515   Thumb Code    56  ip.o(i.ip_route)
    lwip_htonl                               0x08006755   Thumb Code    24  def.o(i.lwip_htonl)
    lwip_htons                               0x0800676d   Thumb Code    10  def.o(i.lwip_htons)
    lwip_ntohl                               0x08006777   Thumb Code     4  def.o(i.lwip_ntohl)
    lwip_ntohs                               0x0800677b   Thumb Code     4  def.o(i.lwip_ntohs)
    main                                     0x080067d5   Thumb Code   408  main.o(i.main)
    mem_free                                 0x08006b15   Thumb Code    38  mem.o(i.mem_free)
    mem_init                                 0x08006b41   Thumb Code    42  mem.o(i.mem_init)
    mem_malloc                               0x08006b75   Thumb Code   178  mem.o(i.mem_malloc)
    mem_trim                                 0x08006c2d   Thumb Code   198  mem.o(i.mem_trim)
    memp_free                                0x08006cf9   Thumb Code    18  memp.o(i.memp_free)
    memp_init                                0x08006d11   Thumb Code    78  memp.o(i.memp_init)
    memp_malloc                              0x08006d69   Thumb Code    28  memp.o(i.memp_malloc)
    netif_add                                0x08006d89   Thumb Code    70  netif.o(i.netif_add)
    netif_set_addr                           0x08006dd5   Thumb Code    34  netif.o(i.netif_set_addr)
    netif_set_default                        0x08006df9   Thumb Code     6  netif.o(i.netif_set_default)
    netif_set_down                           0x08006e05   Thumb Code    26  netif.o(i.netif_set_down)
    netif_set_gw                             0x08006e1f   Thumb Code    14  netif.o(i.netif_set_gw)
    netif_set_ipaddr                         0x08006e2d   Thumb Code    98  netif.o(i.netif_set_ipaddr)
    netif_set_link_callback                  0x08006e99   Thumb Code     8  netif.o(i.netif_set_link_callback)
    netif_set_link_down                      0x08006ea1   Thumb Code    26  netif.o(i.netif_set_link_down)
    netif_set_link_up                        0x08006ebb   Thumb Code    66  netif.o(i.netif_set_link_up)
    netif_set_netmask                        0x08006efd   Thumb Code    14  netif.o(i.netif_set_netmask)
    netif_set_up                             0x08006f0b   Thumb Code    32  netif.o(i.netif_set_up)
    pbuf_alloc                               0x08006ff9   Thumb Code   302  pbuf.o(i.pbuf_alloc)
    pbuf_alloced_custom                      0x08007127   Thumb Code    90  pbuf.o(i.pbuf_alloced_custom)
    pbuf_cat                                 0x08007181   Thumb Code    40  pbuf.o(i.pbuf_cat)
    pbuf_chain                               0x080071a9   Thumb Code    20  pbuf.o(i.pbuf_chain)
    pbuf_clen                                0x080071bd   Thumb Code    18  pbuf.o(i.pbuf_clen)
    pbuf_copy                                0x080071cf   Thumb Code   160  pbuf.o(i.pbuf_copy)
    pbuf_copy_partial                        0x0800726f   Thumb Code   108  pbuf.o(i.pbuf_copy_partial)
    pbuf_free                                0x080072db   Thumb Code    94  pbuf.o(i.pbuf_free)
    pbuf_header                              0x08007339   Thumb Code   104  pbuf.o(i.pbuf_header)
    pbuf_realloc                             0x080073a1   Thumb Code    78  pbuf.o(i.pbuf_realloc)
    pbuf_ref                                 0x080073ef   Thumb Code    12  pbuf.o(i.pbuf_ref)
    raw_input                                0x08007451   Thumb Code   102  raw.o(i.raw_input)
    tcp_abandon                              0x08007629   Thumb Code   136  tcp.o(i.tcp_abandon)
    tcp_abort                                0x080076b5   Thumb Code     6  tcp.o(i.tcp_abort)
    tcp_alloc                                0x080076bd   Thumb Code   150  tcp.o(i.tcp_alloc)
    tcp_arg                                  0x08007761   Thumb Code     4  tcp.o(i.tcp_arg)
    tcp_close                                0x08007765   Thumb Code    20  tcp.o(i.tcp_close)
    tcp_connect                              0x080078dd   Thumb Code   252  tcp.o(i.tcp_connect)
    tcp_eff_send_mss                         0x08007a7d   Thumb Code    32  tcp.o(i.tcp_eff_send_mss)
    tcp_enqueue_flags                        0x08007a9d   Thumb Code   204  tcp_out.o(i.tcp_enqueue_flags)
    tcp_err                                  0x08007b69   Thumb Code     6  tcp.o(i.tcp_err)
    tcp_fasttmr                              0x08007b71   Thumb Code    84  tcp.o(i.tcp_fasttmr)
    tcp_input                                0x08007bc9   Thumb Code   814  tcp_in.o(i.tcp_input)
    tcp_keepalive                            0x08007f15   Thumb Code    62  tcp_out.o(i.tcp_keepalive)
    tcp_new                                  0x080080b9   Thumb Code     6  tcp.o(i.tcp_new)
    tcp_next_iss                             0x08008119   Thumb Code    12  tcp.o(i.tcp_next_iss)
    tcp_output                               0x08008129   Thumb Code   388  tcp_out.o(i.tcp_output)
    tcp_pcb_purge                            0x080084a7   Thumb Code    58  tcp.o(i.tcp_pcb_purge)
    tcp_pcb_remove                           0x080084e1   Thumb Code    88  tcp.o(i.tcp_pcb_remove)
    tcp_poll                                 0x0800853d   Thumb Code     8  tcp.o(i.tcp_poll)
    tcp_process_refused_data                 0x0800895d   Thumb Code   106  tcp.o(i.tcp_process_refused_data)
    tcp_recv                                 0x08008dff   Thumb Code     4  tcp.o(i.tcp_recv)
    tcp_recv_null                            0x08008e03   Thumb Code    38  tcp.o(i.tcp_recv_null)
    tcp_recved                               0x08008e29   Thumb Code    56  tcp.o(i.tcp_recved)
    tcp_rexmit                               0x08008e61   Thumb Code    80  tcp_out.o(i.tcp_rexmit)
    tcp_rexmit_fast                          0x08008eb1   Thumb Code    94  tcp_out.o(i.tcp_rexmit_fast)
    tcp_rexmit_rto                           0x08008f0f   Thumb Code    46  tcp_out.o(i.tcp_rexmit_rto)
    tcp_rst                                  0x08008f3d   Thumb Code   120  tcp_out.o(i.tcp_rst)
    tcp_seg_free                             0x08008fb5   Thumb Code    30  tcp.o(i.tcp_seg_free)
    tcp_segs_free                            0x08008fd3   Thumb Code    18  tcp.o(i.tcp_segs_free)
    tcp_send_empty_ack                       0x08008fe5   Thumb Code    72  tcp_out.o(i.tcp_send_empty_ack)
    tcp_send_fin                             0x0800902d   Thumb Code    72  tcp_out.o(i.tcp_send_fin)
    tcp_sent                                 0x08009075   Thumb Code     4  tcp.o(i.tcp_sent)
    tcp_slowtmr                              0x08009079   Thumb Code   606  tcp.o(i.tcp_slowtmr)
    tcp_timer_needed                         0x080092e9   Thumb Code     2  timers.o(i.tcp_timer_needed)
    tcp_tmr                                  0x08009361   Thumb Code    28  tcp.o(i.tcp_tmr)
    tcp_update_rcv_ann_wnd                   0x08009381   Thumb Code    54  tcp.o(i.tcp_update_rcv_ann_wnd)
    tcp_write                                0x080093b7   Thumb Code   686  tcp_out.o(i.tcp_write)
    tcp_zero_window_probe                    0x080096b3   Thumb Code   154  tcp_out.o(i.tcp_zero_window_probe)
    udp_bind                                 0x080097e5   Thumb Code   110  udp.o(i.udp_bind)
    udp_input                                0x08009859   Thumb Code   392  udp.o(i.udp_input)
    udp_sendto_if                            0x08009a35   Thumb Code   188  udp.o(i.udp_sendto_if)
    ASCII16x24_Table                         0x08009b08   Data        4560  fonts.o(.constdata)
    ip_addr_broadcast                        0x0800ad60   Data           4  ip_addr.o(.constdata)
    tcp_persist_backoff                      0x0800ad88   Data           7  tcp.o(.constdata)
    tcp_state_str                            0x0800ad90   Data          44  tcp.o(.constdata)
    tcp_backoff                              0x0800adbc   Data          13  tcp.o(.constdata)
    tcp_pcb_lists                            0x0800adcc   Data          16  tcp.o(.constdata)
    ethbroadcast                             0x0800addc   Data           6  etharp.o(.constdata)
    ethzero                                  0x0800ade2   Data           6  etharp.o(.constdata)
    Region$$Table$$Base                      0x0800aef0   Number         0  anon$$obj.o(Region$$Table)
    Region$$Table$$Limit                     0x0800af10   Number         0  anon$$obj.o(Region$$Table)
    SystemCoreClock                          0x20000000   Data           4  system_stm32f4xx.o(.data)
    AHBPrescTable                            0x20000004   Data          16  system_stm32f4xx.o(.data)
    fps                                      0x20000024   Data           1  main.o(.data)
    OV5640_Camera_ID                         0x20000025   Data           2  main.o(.data)
    g_ms_ticks                               0x20000030   Data           4  stm32f4xx_it.o(.data)
    Font16x24                                0x20000044   Data           8  fonts.o(.data)
    DCMI_State                               0x20000058   Data           1  bsp_ov5640.o(.data)
    ImageFormat                              0x20000059   Data           1  bsp_ov5640.o(.data)
    img_width                                0x2000005a   Data           2  bsp_ov5640.o(.data)
    cur_index                                0x2000005c   Data           4  bsp_ov5640.o(.data)
    XferTransferNumber                       0x20000060   Data           4  bsp_ov5640.o(.data)
    XferCount                                0x20000064   Data           4  bsp_ov5640.o(.data)
    XferSize                                 0x20000068   Data           4  bsp_ov5640.o(.data)
    pBuffPtr                                 0x2000006c   Data           4  bsp_ov5640.o(.data)
    DMA2_Stream1_State                       0x20000070   Data           4  bsp_ov5640.o(.data)
    cam_mode                                 0x20000074   Data          32  bsp_ov5640.o(.data)
    RGB565_Init                              0x20000094   Data         832  bsp_ov5640.o(.data)
    RGB565_QVGA                              0x200003d4   Data          44  bsp_ov5640.o(.data)
    RGB565_VGA                               0x20000400   Data          44  bsp_ov5640.o(.data)
    RGB565_WVGA                              0x2000042c   Data         172  bsp_ov5640.o(.data)
    g_camtcp_cap_ready                       0x20001438   Data           1  camtcp_capture.o(.data)
    g_camtcp_result_ready                    0x20001439   Data           1  camtcp_capture.o(.data)
    g_camtcp_cap_request                     0x2000143a   Data           1  camtcp_capture.o(.data)
    g_camtcp_cap_seq                         0x20001440   Data           4  camtcp_capture.o(.data)
    g_camtcp_cap_ptr                         0x20001444   Data           4  camtcp_capture.o(.data)
    g_camtcp_cap_len                         0x20001448   Data           4  camtcp_capture.o(.data)
    TCPTimer                                 0x20001464   Data           4  netconf.o(.data)
    ARPTimer                                 0x20001468   Data           4  netconf.o(.data)
    LinkTimer                                0x2000146c   Data           4  netconf.o(.data)
    EthLinkStatus                            0x20001470   Data           1  stm32f429_phy.o(.data)
    EthStatus                                0x20001474   Data           4  stm32f429_phy.o(.data)
    DMATxDescToSet                           0x20001478   Data           4  stm32f429_eth.o(.data)
    DMARxDescToGet                           0x2000147c   Data           4  stm32f429_eth.o(.data)
    DMA_RX_FRAME_infos                       0x20001480   Data           4  stm32f429_eth.o(.data)
    current_netif                            0x20001488   Data           4  ip.o(.data)
    current_header                           0x2000148c   Data           4  ip.o(.data)
    current_iphdr_src                        0x20001490   Data           4  ip.o(.data)
    current_iphdr_dest                       0x20001494   Data           4  ip.o(.data)
    netif_list                               0x200014b4   Data           4  netif.o(.data)
    netif_default                            0x200014b8   Data           4  netif.o(.data)
    tcp_active_pcbs_changed                  0x200014c0   Data           1  tcp.o(.data)
    tcp_ticks                                0x200014cc   Data           4  tcp.o(.data)
    tcp_bound_pcbs                           0x200014d0   Data           4  tcp.o(.data)
    tcp_listen_pcbs                          0x200014d4   Data           4  tcp.o(.data)
    tcp_active_pcbs                          0x200014d8   Data           4  tcp.o(.data)
    tcp_tw_pcbs                              0x200014dc   Data           4  tcp.o(.data)
    tcp_tmp_pcb                              0x200014e0   Data           4  tcp.o(.data)
    tcp_input_pcb                            0x200014fc   Data           4  tcp_in.o(.data)
    udp_pcbs                                 0x20001504   Data           4  udp.o(.data)
    __stdout                                 0x2000150c   Data           4  stdout.o(.data)
    Task_Delay                               0x20001510   Data          12  main.o(.bss)
    sensor_reg                               0x2000151c   Data         416  bsp_ov5640.o(.bss)
    g_camtcp_result                          0x200016bc   Data         328  camtcp_capture.o(.bss)
    gnetif                                   0x20001a14   Data          56  netconf.o(.bss)
    ETH_InitStructure                        0x20001a4c   Data         188  stm32f429_phy.o(.bss)
    DMARxDscrTab                             0x20001b08   Data         128  stm32f429_eth.o(.bss)
    DMATxDscrTab                             0x20001b88   Data         128  stm32f429_eth.o(.bss)
    Rx_Buff                                  0x20001c08   Data        6096  stm32f429_eth.o(.bss)
    Tx_Buff                                  0x200033d8   Data        6096  stm32f429_eth.o(.bss)
    RX_Frame_Descriptor                      0x20004ba8   Data          12  stm32f429_eth.o(.bss)
    ram_heap                                 0x20004bb4   Data       10260  mem.o(.bss)
    __initial_sp                             0x20009a78   Data           0  startup_stm32f429_439xx.o(STACK)
    cam_buff0                                0xd0100000   Data       261120  bsp_ov5640.o(.ARM.__AT_0xD0100000)
    cam_buff1                                0xd0300000   Data       261120  bsp_ov5640.o(.ARM.__AT_0xD0300000)



==============================================================================

Memory Map of the image

  Image Entry point : 0x080001ad

  Load Region LR_IROM1 (Base: 0x08000000, Size: 0x0000c420, Max: 0x00100000, ABSOLUTE, COMPRESSED[0x0000c01c])

    Execution Region ER_IROM1 (Exec base: 0x08000000, Load base: 0x08000000, Size: 0x0000af10, Max: 0x00100000, ABSOLUTE)

    Exec Addr    Load Addr    Size         Type   Attr      Idx    E Section Name        Object

    0x08000000   0x08000000   0x000001ac   Data   RO            3    RESET               startup_stm32f429_439xx.o
    0x080001ac   0x080001ac   0x00000000   Code   RO         8753  * .ARM.Collect$$$$00000000  mc_w.l(entry.o)
    0x080001ac   0x080001ac   0x00000004   Code   RO         9063    .ARM.Collect$$$$00000001  mc_w.l(entry2.o)
    0x080001b0   0x080001b0   0x00000004   Code   RO         9066    .ARM.Collect$$$$00000004  mc_w.l(entry5.o)
    0x080001b4   0x080001b4   0x00000000   Code   RO         9068    .ARM.Collect$$$$00000008  mc_w.l(entry7b.o)
    0x080001b4   0x080001b4   0x00000000   Code   RO         9070    .ARM.Collect$$$$0000000A  mc_w.l(entry8b.o)
    0x080001b4   0x080001b4   0x00000008   Code   RO         9071    .ARM.Collect$$$$0000000B  mc_w.l(entry9a.o)
    0x080001bc   0x080001bc   0x00000004   Code   RO         9078    .ARM.Collect$$$$0000000E  mc_w.l(entry12b.o)
    0x080001c0   0x080001c0   0x00000000   Code   RO         9073    .ARM.Collect$$$$0000000F  mc_w.l(entry10a.o)
    0x080001c0   0x080001c0   0x00000000   Code   RO         9075    .ARM.Collect$$$$00000011  mc_w.l(entry11a.o)
    0x080001c0   0x080001c0   0x00000004   Code   RO         9064    .ARM.Collect$$$$00002712  mc_w.l(entry2.o)
    0x080001c4   0x080001c4   0x00000024   Code   RO            4    .text               startup_stm32f429_439xx.o
    0x080001e8   0x080001e8   0x00000040   Code   RO         8758    .text               mc_w.l(memmovea.o)
    0x08000228   0x08000228   0x00000024   Code   RO         8760    .text               mc_w.l(memseta.o)
    0x0800024c   0x0800024c   0x0000001a   Code   RO         8764    .text               mc_w.l(memcmp.o)
    0x08000266   0x08000266   0x000000de   Code   RO         9059    .text               mf_w.l(ddiv.o)
    0x08000344   0x08000344   0x0000001a   Code   RO         9061    .text               mf_w.l(dfltui.o)
    0x0800035e   0x0800035e   0x0000002c   Code   RO         9080    .text               mc_w.l(uidiv.o)
    0x0800038a   0x0800038a   0x00000062   Code   RO         9082    .text               mc_w.l(uldiv.o)
    0x080003ec   0x080003ec   0x00000000   Code   RO         9086    .text               mc_w.l(iusefp.o)
    0x080003ec   0x080003ec   0x000000ba   Code   RO         9087    .text               mf_w.l(depilogue.o)
    0x080004a6   0x080004a6   0x0000014e   Code   RO         9089    .text               mf_w.l(dadd.o)
    0x080005f4   0x080005f4   0x000000e4   Code   RO         9091    .text               mf_w.l(dmul.o)
    0x080006d8   0x080006d8   0x00000030   Code   RO         9093    .text               mf_w.l(dfixul.o)
    0x08000708   0x08000708   0x00000030   Code   RO         9095    .text               mf_w.l(cdrcmple.o)
    0x08000738   0x08000738   0x00000024   Code   RO         9097    .text               mc_w.l(init.o)
    0x0800075c   0x0800075c   0x0000001e   Code   RO         9099    .text               mc_w.l(llshl.o)
    0x0800077a   0x0800077a   0x00000020   Code   RO         9101    .text               mc_w.l(llushr.o)
    0x0800079a   0x0800079a   0x00000024   Code   RO         9103    .text               mc_w.l(llsshr.o)
    0x080007be   0x080007be   0x0000005e   Code   RO         9113    .text               mc_w.l(__dclz77c.o)
    0x0800081c   0x0800081c   0x00000002   Code   RO         5168    i.BusFault_Handler  stm32f4xx_it.o
    0x0800081e   0x0800081e   0x00000002   PAD
    0x08000820   0x08000820   0x0000004c   Code   RO         5044    i.Camera_Mode_Config  main.o
    0x0800086c   0x0800086c   0x0000004c   Code   RO         5045    i.Camera_Mode_Reconfig  main.o
    0x080008b8   0x080008b8   0x00000020   Code   RO         1093    i.DCMI_CaptureCmd   stm32f4xx_dcmi.o
    0x080008d8   0x080008d8   0x0000000c   Code   RO         1095    i.DCMI_ClearITPendingBit  stm32f4xx_dcmi.o
    0x080008e4   0x080008e4   0x00000020   Code   RO         1096    i.DCMI_Cmd          stm32f4xx_dcmi.o
    0x08000904   0x08000904   0x00000084   Code   RO         5850    i.DCMI_DMAConvCplt  bsp_ov5640.o
    0x08000988   0x08000988   0x0000006c   Code   RO         5851    i.DCMI_DMA_MultiBufferStart_IT  bsp_ov5640.o
    0x080009f4   0x080009f4   0x00000028   Code   RO         1098    i.DCMI_GetFlagStatus  stm32f4xx_dcmi.o
    0x08000a1c   0x08000a1c   0x00000018   Code   RO         1099    i.DCMI_GetITStatus  stm32f4xx_dcmi.o
    0x08000a34   0x08000a34   0x000000f4   Code   RO         5852    i.DCMI_IRQHandler   bsp_ov5640.o
    0x08000b28   0x08000b28   0x00000020   Code   RO         1100    i.DCMI_ITConfig     stm32f4xx_dcmi.o
    0x08000b48   0x08000b48   0x0000003c   Code   RO         1101    i.DCMI_Init         stm32f4xx_dcmi.o
    0x08000b84   0x08000b84   0x00000018   Code   RO         5853    i.DCMI_Start        bsp_ov5640.o
    0x08000b9c   0x08000b9c   0x0000001c   Code   RO         5854    i.DCMI_Stop         bsp_ov5640.o
    0x08000bb8   0x08000bb8   0x00000018   Code   RO         1337    i.DMA2D_DeInit      stm32f4xx_dma2d.o
    0x08000bd0   0x08000bd0   0x00000014   Code   RO         1342    i.DMA2D_GetFlagStatus  stm32f4xx_dma2d.o
    0x08000be4   0x08000be4   0x000000b8   Code   RO         1345    i.DMA2D_Init        stm32f4xx_dma2d.o
    0x08000c9c   0x08000c9c   0x00000010   Code   RO         1347    i.DMA2D_StartTransfer  stm32f4xx_dma2d.o
    0x08000cac   0x08000cac   0x00000070   Code   RO         5855    i.DMA2_Stream1_IRQHandler  bsp_ov5640.o
    0x08000d1c   0x08000d1c   0x00000018   Code   RO         5856    i.DMA_ChangeMemory  bsp_ov5640.o
    0x08000d34   0x08000d34   0x0000002c   Code   RO         1199    i.DMA_ClearFlag     stm32f4xx_dma.o
    0x08000d60   0x08000d60   0x00000018   Code   RO         1201    i.DMA_Cmd           stm32f4xx_dma.o
    0x08000d78   0x08000d78   0x00000018   Code   RO         1203    i.DMA_DoubleBufferModeCmd  stm32f4xx_dma.o
    0x08000d90   0x08000d90   0x0000000e   Code   RO         1206    i.DMA_GetCmdStatus  stm32f4xx_dma.o
    0x08000d9e   0x08000d9e   0x00000002   PAD
    0x08000da0   0x08000da0   0x00000034   Code   RO         1210    i.DMA_GetFlagStatus  stm32f4xx_dma.o
    0x08000dd4   0x08000dd4   0x00000032   Code   RO         1212    i.DMA_ITConfig      stm32f4xx_dma.o
    0x08000e06   0x08000e06   0x00000002   PAD
    0x08000e08   0x08000e08   0x00000054   Code   RO         1213    i.DMA_Init          stm32f4xx_dma.o
    0x08000e5c   0x08000e5c   0x00000014   Code   RO         5857    i.DMA_SetConfig     bsp_ov5640.o
    0x08000e70   0x08000e70   0x00000022   Code   RO         1217    i.DMA_StructInit    stm32f4xx_dma.o
    0x08000e92   0x08000e92   0x00000002   Code   RO         5169    i.DebugMon_Handler  stm32f4xx_it.o
    0x08000e94   0x08000e94   0x00000098   Code   RO         5645    i.Debug_USART_Config  bsp_debug_usart.o
    0x08000f2c   0x08000f2c   0x00000014   Code   RO         5802    i.Delay_10ms        bsp_systick.o
    0x08000f40   0x08000f40   0x00000014   Code   RO         5803    i.Delay_ms          bsp_systick.o
    0x08000f54   0x08000f54   0x00000028   Code   RO         6500    i.ETH_BSP_Config    stm32f429_phy.o
    0x08000f7c   0x08000f7c   0x00000074   Code   RO         6589    i.ETH_CheckFrameReceived  stm32f429_eth.o
    0x08000ff0   0x08000ff0   0x00000040   Code   RO         6501    i.ETH_CheckLinkStatus  stm32f429_phy.o
    0x08001030   0x08001030   0x00000020   Code   RO         6593    i.ETH_DMAReceptionCmd  stm32f429_eth.o
    0x08001050   0x08001050   0x0000005c   Code   RO         6594    i.ETH_DMARxDescChainInit  stm32f429_eth.o
    0x080010ac   0x080010ac   0x00000020   Code   RO         6596    i.ETH_DMATransmissionCmd  stm32f429_eth.o
    0x080010cc   0x080010cc   0x00000048   Code   RO         6599    i.ETH_DMATxDescChainInit  stm32f429_eth.o
    0x08001114   0x08001114   0x00000008   Code   RO         6600    i.ETH_DMATxDescChecksumInsertionConfig  stm32f429_eth.o
    0x0800111c   0x0800111c   0x00000018   Code   RO         6605    i.ETH_DeInit        stm32f429_eth.o
    0x08001134   0x08001134   0x00000020   Code   RO         6607    i.ETH_FlushTransmitFIFO  stm32f429_eth.o
    0x08001154   0x08001154   0x00000150   Code   RO         6502    i.ETH_GPIO_Config   stm32f429_phy.o
    0x080012a4   0x080012a4   0x00000014   Code   RO         6633    i.ETH_GetSoftwareResetStatus  stm32f429_eth.o
    0x080012b8   0x080012b8   0x00000030   Code   RO         6635    i.ETH_Get_Received_Frame  stm32f429_eth.o
    0x080012e8   0x080012e8   0x000002ac   Code   RO         6638    i.ETH_Init          stm32f429_eth.o
    0x08001594   0x08001594   0x0000002c   Code   RO         6640    i.ETH_MACAddressConfig  stm32f429_eth.o
    0x080015c0   0x080015c0   0x0000008c   Code   RO         6503    i.ETH_MACDMA_Config  stm32f429_phy.o
    0x0800164c   0x0800164c   0x00000034   Code   RO         6645    i.ETH_MACReceptionCmd  stm32f429_eth.o
    0x08001680   0x08001680   0x00000034   Code   RO         6646    i.ETH_MACTransmissionCmd  stm32f429_eth.o
    0x080016b4   0x080016b4   0x000000b4   Code   RO         6657    i.ETH_Prepare_Transmit_Descriptors  stm32f429_eth.o
    0x08001768   0x08001768   0x00000058   Code   RO         6658    i.ETH_ReadPHYRegister  stm32f429_eth.o
    0x080017c0   0x080017c0   0x00000010   Code   RO         6666    i.ETH_SoftwareReset  stm32f429_eth.o
    0x080017d0   0x080017d0   0x00000022   Code   RO         6667    i.ETH_Start         stm32f429_eth.o
    0x080017f2   0x080017f2   0x00000022   Code   RO         6668    i.ETH_Stop          stm32f429_eth.o
    0x08001814   0x08001814   0x0000009a   Code   RO         6669    i.ETH_StructInit    stm32f429_eth.o
    0x080018ae   0x080018ae   0x00000002   PAD
    0x080018b0   0x080018b0   0x00000058   Code   RO         6671    i.ETH_WritePHYRegister  stm32f429_eth.o
    0x08001908   0x08001908   0x000000cc   Code   RO         6504    i.ETH_link_callback  stm32f429_phy.o
    0x080019d4   0x080019d4   0x00000036   Code   RO         1790    i.FMC_GetFlagStatus  stm32f4xx_fmc.o
    0x08001a0a   0x08001a0a   0x00000002   PAD
    0x08001a0c   0x08001a0c   0x00000020   Code   RO         1807    i.FMC_SDRAMCmdConfig  stm32f4xx_fmc.o
    0x08001a2c   0x08001a2c   0x00000106   Code   RO         1809    i.FMC_SDRAMInit     stm32f4xx_fmc.o
    0x08001b32   0x08001b32   0x00000002   PAD
    0x08001b34   0x08001b34   0x00000010   Code   RO         1813    i.FMC_SetRefreshCount  stm32f4xx_fmc.o
    0x08001b44   0x08001b44   0x0000007c   Code   RO         1971    i.GPIO_Init         stm32f4xx_gpio.o
    0x08001bc0   0x08001bc0   0x00000020   Code   RO         1972    i.GPIO_PinAFConfig  stm32f4xx_gpio.o
    0x08001be0   0x08001be0   0x0000000e   Code   RO         1975    i.GPIO_ReadInputDataBit  stm32f4xx_gpio.o
    0x08001bee   0x08001bee   0x00000004   Code   RO         1978    i.GPIO_ResetBits    stm32f4xx_gpio.o
    0x08001bf2   0x08001bf2   0x00000004   Code   RO         1979    i.GPIO_SetBits      stm32f4xx_gpio.o
    0x08001bf6   0x08001bf6   0x00000002   PAD
    0x08001bf8   0x08001bf8   0x0000004c   Code   RO         5604    i.GetGBKCode_from_EXFlash  fonts.o
    0x08001c44   0x08001c44   0x00000100   Code   RO         5858    i.HAL_DCMI_Start_DMA  bsp_ov5640.o
    0x08001d44   0x08001d44   0x00000018   Code   RO         5170    i.HardFault_Handler  stm32f4xx_it.o
    0x08001d5c   0x08001d5c   0x00000018   Code   RO         2259    i.I2C_AcknowledgeConfig  stm32f4xx_i2c.o
    0x08001d74   0x08001d74   0x00000018   Code   RO         2262    i.I2C_CheckEvent    stm32f4xx_i2c.o
    0x08001d8c   0x08001d8c   0x00000018   Code   RO         2265    i.I2C_Cmd           stm32f4xx_i2c.o
    0x08001da4   0x08001da4   0x00000064   Code   RO         2268    i.I2C_DeInit        stm32f4xx_i2c.o
    0x08001e08   0x08001e08   0x00000018   Code   RO         2273    i.I2C_GenerateSTART  stm32f4xx_i2c.o
    0x08001e20   0x08001e20   0x00000018   Code   RO         2274    i.I2C_GenerateSTOP  stm32f4xx_i2c.o
    0x08001e38   0x08001e38   0x000000bc   Code   RO         2280    i.I2C_Init          stm32f4xx_i2c.o
    0x08001ef4   0x08001ef4   0x00000006   Code   RO         2285    i.I2C_ReceiveData   stm32f4xx_i2c.o
    0x08001efa   0x08001efa   0x00000012   Code   RO         2287    i.I2C_Send7bitAddress  stm32f4xx_i2c.o
    0x08001f0c   0x08001f0c   0x00000004   Code   RO         2288    i.I2C_SendData      stm32f4xx_i2c.o
    0x08001f10   0x08001f10   0x00000026   Code   RO         7120    i.Key_Scan          bsp_key_1.o
    0x08001f36   0x08001f36   0x00000002   PAD
    0x08001f38   0x08001f38   0x0000006c   Code   RO         5305    i.LCD_Clear         bsp_lcd.o
    0x08001fa4   0x08001fa4   0x00000078   Code   RO         5310    i.LCD_DispChar_CH   bsp_lcd.o
    0x0800201c   0x0800201c   0x00000020   Code   RO         5312    i.LCD_DisplayChar   bsp_lcd.o
    0x0800203c   0x0800203c   0x00000060   Code   RO         5314    i.LCD_DisplayStringLine_EN_CH  bsp_lcd.o
    0x0800209c   0x0800209c   0x0000008c   Code   RO         5315    i.LCD_DrawChar      bsp_lcd.o
    0x08002128   0x08002128   0x000002fc   Code   RO         5327    i.LCD_GPIO_Config   bsp_lcd.o
    0x08002424   0x08002424   0x0000000c   Code   RO         5329    i.LCD_GetFont       bsp_lcd.o
    0x08002430   0x08002430   0x00000082   Code   RO         5330    i.LCD_Init          bsp_lcd.o
    0x080024b2   0x080024b2   0x00000002   PAD
    0x080024b4   0x080024b4   0x00000090   Code   RO         5331    i.LCD_LayerCamInit  bsp_lcd.o
    0x08002544   0x08002544   0x0000009c   Code   RO         5332    i.LCD_LayerInit     bsp_lcd.o
    0x080025e0   0x080025e0   0x0000000c   Code   RO         5343    i.LCD_SetFont       bsp_lcd.o
    0x080025ec   0x080025ec   0x00000024   Code   RO         5344    i.LCD_SetLayer      bsp_lcd.o
    0x08002610   0x08002610   0x0000000c   Code   RO         5345    i.LCD_SetTextColor  bsp_lcd.o
    0x0800261c   0x0800261c   0x00000030   Code   RO         5346    i.LCD_SetTransparency  bsp_lcd.o
    0x0800264c   0x0800264c   0x00000020   Code   RO         2545    i.LTDC_Cmd          stm32f4xx_ltdc.o
    0x0800266c   0x0800266c   0x00000020   Code   RO         2549    i.LTDC_DitherCmd    stm32f4xx_ltdc.o
    0x0800268c   0x0800268c   0x000000a8   Code   RO         2556    i.LTDC_Init         stm32f4xx_ltdc.o
    0x08002734   0x08002734   0x00000004   Code   RO         2559    i.LTDC_LayerAlpha   stm32f4xx_ltdc.o
    0x08002738   0x08002738   0x00000018   Code   RO         2560    i.LTDC_LayerCmd     stm32f4xx_ltdc.o
    0x08002750   0x08002750   0x00000096   Code   RO         2561    i.LTDC_LayerInit    stm32f4xx_ltdc.o
    0x080027e6   0x080027e6   0x00000002   PAD
    0x080027e8   0x080027e8   0x0000000c   Code   RO         2568    i.LTDC_ReloadConfig  stm32f4xx_ltdc.o
    0x080027f4   0x080027f4   0x00000154   Code   RO         6295    i.LwIP_Init         netconf.o
    0x08002948   0x08002948   0x00000048   Code   RO         6296    i.LwIP_Periodic_Handle  netconf.o
    0x08002990   0x08002990   0x0000000c   Code   RO         6297    i.LwIP_Pkt_Handle   netconf.o
    0x0800299c   0x0800299c   0x00000002   Code   RO         5171    i.MemManage_Handler  stm32f4xx_it.o
    0x0800299e   0x0800299e   0x00000002   Code   RO         5172    i.NMI_Handler       stm32f4xx_it.o
    0x080029a0   0x080029a0   0x00000068   Code   RO          164    i.NVIC_Init         misc.o
    0x08002a08   0x08002a08   0x00000014   Code   RO          165    i.NVIC_PriorityGroupConfig  misc.o
    0x08002a1c   0x08002a1c   0x0000000e   Code   RO         6085    i.OV5640_AUTO_FOCUS  ov5640_af.o
    0x08002a2a   0x08002a2a   0x00000046   Code   RO         5860    i.OV5640_BrightnessConfig  bsp_ov5640.o
    0x08002a70   0x08002a70   0x00000080   Code   RO         5863    i.OV5640_Color_Saturation  bsp_ov5640.o
    0x08002af0   0x08002af0   0x00000048   Code   RO         5864    i.OV5640_ContrastConfig  bsp_ov5640.o
    0x08002b38   0x08002b38   0x00000074   Code   RO         5866    i.OV5640_Exposure   bsp_ov5640.o
    0x08002bac   0x08002bac   0x000000ec   Code   RO         6086    i.OV5640_FOCUS_AD5820_Check_MCU  ov5640_af.o
    0x08002c98   0x08002c98   0x0000004c   Code   RO         6087    i.OV5640_FOCUS_AD5820_Constant_Focus  ov5640_af.o
    0x08002ce4   0x08002ce4   0x00000190   Code   RO         6088    i.OV5640_FOCUS_AD5820_Init  ov5640_af.o
    0x08002e74   0x08002e74   0x0000003a   Code   RO         5867    i.OV5640_FrameRate_Set  bsp_ov5640.o
    0x08002eae   0x08002eae   0x00000002   PAD
    0x08002eb0   0x08002eb0   0x0000023c   Code   RO         5868    i.OV5640_HW_Init    bsp_ov5640.o
    0x080030ec   0x080030ec   0x000000ac   Code   RO         5872    i.OV5640_Init       bsp_ov5640.o
    0x08003198   0x08003198   0x00000078   Code   RO         5873    i.OV5640_LightMode  bsp_ov5640.o
    0x08003210   0x08003210   0x000000a4   Code   RO         5874    i.OV5640_OutSize_Set  bsp_ov5640.o
    0x080032b4   0x080032b4   0x00000128   Code   RO         5875    i.OV5640_RGB565Config  bsp_ov5640.o
    0x080033dc   0x080033dc   0x0000001a   Code   RO         5876    i.OV5640_ReadID     bsp_ov5640.o
    0x080033f6   0x080033f6   0x00000002   PAD
    0x080033f8   0x080033f8   0x00000150   Code   RO         5877    i.OV5640_ReadReg    bsp_ov5640.o
    0x08003548   0x08003548   0x0000000a   Code   RO         5878    i.OV5640_Reset      bsp_ov5640.o
    0x08003552   0x08003552   0x000001b8   Code   RO         5879    i.OV5640_SpecialEffects  bsp_ov5640.o
    0x0800370a   0x0800370a   0x00000002   PAD
    0x0800370c   0x0800370c   0x00000080   Code   RO         5880    i.OV5640_USER_Config  bsp_ov5640.o
    0x0800378c   0x0800378c   0x000000f8   Code   RO         5882    i.OV5640_WriteFW    bsp_ov5640.o
    0x08003884   0x08003884   0x000000e8   Code   RO         5883    i.OV5640_WriteReg   bsp_ov5640.o
    0x0800396c   0x0800396c   0x00000002   Code   RO         5173    i.PendSV_Handler    stm32f4xx_it.o
    0x0800396e   0x0800396e   0x00000002   PAD
    0x08003970   0x08003970   0x0000001c   Code   RO         2864    i.RCC_AHB1PeriphClockCmd  stm32f4xx_rcc.o
    0x0800398c   0x0800398c   0x0000001c   Code   RO         2866    i.RCC_AHB1PeriphResetCmd  stm32f4xx_rcc.o
    0x080039a8   0x080039a8   0x0000001c   Code   RO         2867    i.RCC_AHB2PeriphClockCmd  stm32f4xx_rcc.o
    0x080039c4   0x080039c4   0x0000001c   Code   RO         2870    i.RCC_AHB3PeriphClockCmd  stm32f4xx_rcc.o
    0x080039e0   0x080039e0   0x0000001c   Code   RO         2873    i.RCC_APB1PeriphClockCmd  stm32f4xx_rcc.o
    0x080039fc   0x080039fc   0x0000001c   Code   RO         2875    i.RCC_APB1PeriphResetCmd  stm32f4xx_rcc.o
    0x08003a18   0x08003a18   0x0000001c   Code   RO         2876    i.RCC_APB2PeriphClockCmd  stm32f4xx_rcc.o
    0x08003a34   0x08003a34   0x000000a4   Code   RO         2885    i.RCC_GetClocksFreq  stm32f4xx_rcc.o
    0x08003ad8   0x08003ad8   0x00000038   Code   RO         2886    i.RCC_GetFlagStatus  stm32f4xx_rcc.o
    0x08003b10   0x08003b10   0x00000014   Code   RO         2897    i.RCC_LTDCCLKDivConfig  stm32f4xx_rcc.o
    0x08003b24   0x08003b24   0x0000000c   Code   RO         2906    i.RCC_PLLSAICmd     stm32f4xx_rcc.o
    0x08003b30   0x08003b30   0x00000014   Code   RO         2907    i.RCC_PLLSAIConfig  stm32f4xx_rcc.o
    0x08003b44   0x08003b44   0x00000398   Code   RO         5247    i.SDRAM_GPIO_Config  bsp_sdram.o
    0x08003edc   0x08003edc   0x0000005c   Code   RO         5248    i.SDRAM_Init        bsp_sdram.o
    0x08003f38   0x08003f38   0x000000ac   Code   RO         5249    i.SDRAM_InitSequence  bsp_sdram.o
    0x08003fe4   0x08003fe4   0x00000020   Code   RO         5253    i.SDRAM_delay       bsp_sdram.o
    0x08004004   0x08004004   0x00000018   Code   RO         3998    i.SPI_Cmd           stm32f4xx_spi.o
    0x0800401c   0x0800401c   0x0000004c   Code   RO         5681    i.SPI_FLASH_BufferRead  bsp_spi_flash.o
    0x08004068   0x08004068   0x000000dc   Code   RO         5684    i.SPI_FLASH_Init    bsp_spi_flash.o
    0x08004144   0x08004144   0x00000070   Code   RO         5690    i.SPI_FLASH_SendByte  bsp_spi_flash.o
    0x080041b4   0x080041b4   0x0000000e   Code   RO         4006    i.SPI_I2S_GetFlagStatus  stm32f4xx_spi.o
    0x080041c2   0x080041c2   0x00000004   Code   RO         4009    i.SPI_I2S_ReceiveData  stm32f4xx_spi.o
    0x080041c6   0x080041c6   0x00000004   Code   RO         4010    i.SPI_I2S_SendData  stm32f4xx_spi.o
    0x080041ca   0x080041ca   0x00000038   Code   RO         4011    i.SPI_Init          stm32f4xx_spi.o
    0x08004202   0x08004202   0x00000002   PAD
    0x08004204   0x08004204   0x00000040   Code   RO         5697    i.SPI_TIMEOUT_UserCallback  bsp_spi_flash.o
    0x08004244   0x08004244   0x00000002   Code   RO         5174    i.SVC_Handler       stm32f4xx_it.o
    0x08004246   0x08004246   0x00000002   PAD
    0x08004248   0x08004248   0x0000000c   Code   RO         4162    i.SYSCFG_ETH_MediaInterfaceConfig  stm32f4xx_syscfg.o
    0x08004254   0x08004254   0x000000d4   Code   RO           13    i.SetSysClock       system_stm32f4xx.o
    0x08004328   0x08004328   0x00000030   Code   RO         5175    i.SysTick_Handler   stm32f4xx_it.o
    0x08004358   0x08004358   0x00000040   Code   RO         5804    i.SysTick_Init      bsp_systick.o
    0x08004398   0x08004398   0x0000005c   Code   RO           15    i.SystemInit        system_stm32f4xx.o
    0x080043f4   0x080043f4   0x00000014   Code   RO         5805    i.TimingDelay_Decrement  bsp_systick.o
    0x08004408   0x08004408   0x00000018   Code   RO         4790    i.USART_Cmd         stm32f4xx_usart.o
    0x08004420   0x08004420   0x0000000e   Code   RO         4793    i.USART_GetFlagStatus  stm32f4xx_usart.o
    0x0800442e   0x0800442e   0x00000002   PAD
    0x08004430   0x08004430   0x000000bc   Code   RO         4797    i.USART_Init        stm32f4xx_usart.o
    0x080044ec   0x080044ec   0x00000008   Code   RO         4807    i.USART_SendData    stm32f4xx_usart.o
    0x080044f4   0x080044f4   0x00000002   Code   RO         5176    i.UsageFault_Handler  stm32f4xx_it.o
    0x080044f6   0x080044f6   0x00000002   PAD
    0x080044f8   0x080044f8   0x00000020   Code   RO         9003    i.__0printf         mc_w.l(printfa.o)
    0x08004518   0x08004518   0x0000000e   Code   RO         9107    i.__scatterload_copy  mc_w.l(handlers.o)
    0x08004526   0x08004526   0x00000002   Code   RO         9108    i.__scatterload_null  mc_w.l(handlers.o)
    0x08004528   0x08004528   0x0000000e   Code   RO         9109    i.__scatterload_zeroinit  mc_w.l(handlers.o)
    0x08004536   0x08004536   0x00000002   PAD
    0x08004538   0x08004538   0x00000184   Code   RO         9010    i._fp_digits        mc_w.l(printfa.o)
    0x080046bc   0x080046bc   0x000006b4   Code   RO         9011    i._printf_core      mc_w.l(printfa.o)
    0x08004d70   0x08004d70   0x00000024   Code   RO         9012    i._printf_post_padding  mc_w.l(printfa.o)
    0x08004d94   0x08004d94   0x0000002e   Code   RO         9013    i._printf_pre_padding  mc_w.l(printfa.o)
    0x08004dc2   0x08004dc2   0x00000002   PAD
    0x08004dc4   0x08004dc4   0x00000044   Code   RO         6141    i.build_header      camtcp_capture.o
    0x08004e08   0x08004e08   0x00000028   Code   RO         6142    i.build_meta        camtcp_capture.o
    0x08004e30   0x08004e30   0x00000074   Code   RO         6143    i.camtcp_init       camtcp_capture.o
    0x08004ea4   0x08004ea4   0x00000010   Code   RO         6144    i.camtcp_is_busy    camtcp_capture.o
    0x08004eb4   0x08004eb4   0x0000000c   Code   RO         6145    i.camtcp_is_connected  camtcp_capture.o
    0x08004ec0   0x08004ec0   0x00000064   Code   RO         6146    i.camtcp_poll       camtcp_capture.o
    0x08004f24   0x08004f24   0x00000018   Code   RO         6147    i.camtcp_request_capture  camtcp_capture.o
    0x08004f3c   0x08004f3c   0x0000004c   Code   RO         6148    i.close_conn        camtcp_capture.o
    0x08004f88   0x08004f88   0x0000001e   Code   RO         7529    i.dhcp_arp_reply    dhcp.o
    0x08004fa6   0x08004fa6   0x00000002   PAD
    0x08004fa8   0x08004fa8   0x00000120   Code   RO         7534    i.dhcp_create_msg   dhcp.o
    0x080050c8   0x080050c8   0x00000078   Code   RO         7535    i.dhcp_decline      dhcp.o
    0x08005140   0x08005140   0x00000018   Code   RO         7536    i.dhcp_delete_msg   dhcp.o
    0x08005158   0x08005158   0x000000c0   Code   RO         7537    i.dhcp_discover     dhcp.o
    0x08005218   0x08005218   0x00000046   Code   RO         7543    i.dhcp_network_changed  dhcp.o
    0x0800525e   0x0800525e   0x0000001c   Code   RO         7544    i.dhcp_option       dhcp.o
    0x0800527a   0x0800527a   0x0000000e   Code   RO         7545    i.dhcp_option_byte  dhcp.o
    0x08005288   0x08005288   0x0000003a   Code   RO         7546    i.dhcp_option_long  dhcp.o
    0x080052c2   0x080052c2   0x0000001e   Code   RO         7547    i.dhcp_option_short  dhcp.o
    0x080052e0   0x080052e0   0x00000030   Code   RO         7548    i.dhcp_option_trailer  dhcp.o
    0x08005310   0x08005310   0x000000a0   Code   RO         7551    i.dhcp_reboot       dhcp.o
    0x080053b0   0x080053b0   0x00000010   Code   RO         7556    i.dhcp_set_state    dhcp.o
    0x080053c0   0x080053c0   0x000000f4   Code   RO         8616    i.etharp_arp_input  etharp.o
    0x080054b4   0x080054b4   0x00000030   Code   RO         8617    i.etharp_cleanup_netif  etharp.o
    0x080054e4   0x080054e4   0x000000f8   Code   RO         8619    i.etharp_find_entry  etharp.o
    0x080055dc   0x080055dc   0x00000028   Code   RO         8620    i.etharp_free_entry  etharp.o
    0x08005604   0x08005604   0x00000108   Code   RO         8621    i.etharp_output     etharp.o
    0x0800570c   0x0800570c   0x00000044   Code   RO         8622    i.etharp_output_to_arp_index  etharp.o
    0x08005750   0x08005750   0x00000100   Code   RO         8623    i.etharp_query      etharp.o
    0x08005850   0x08005850   0x000000a4   Code   RO         8624    i.etharp_raw        etharp.o
    0x080058f4   0x080058f4   0x00000024   Code   RO         8625    i.etharp_request    etharp.o
    0x08005918   0x08005918   0x00000020   Code   RO         8626    i.etharp_send_ip    etharp.o
    0x08005938   0x08005938   0x00000044   Code   RO         8627    i.etharp_tmr        etharp.o
    0x0800597c   0x0800597c   0x00000080   Code   RO         8628    i.etharp_update_arp_entry  etharp.o
    0x080059fc   0x080059fc   0x00000094   Code   RO         8629    i.ethernet_input    etharp.o
    0x08005a90   0x08005a90   0x00000028   Code   RO         8710    i.ethernetif_init   ethernetif.o
    0x08005ab8   0x08005ab8   0x0000002a   Code   RO         8711    i.ethernetif_input  ethernetif.o
    0x08005ae2   0x08005ae2   0x00000002   PAD
    0x08005ae4   0x08005ae4   0x00000024   Code   RO         5647    i.fputc             bsp_debug_usart.o
    0x08005b08   0x08005b08   0x00000008   Code   RO         7206    i.icmp_dest_unreach  icmp.o
    0x08005b10   0x08005b10   0x00000120   Code   RO         7207    i.icmp_input        icmp.o
    0x08005c30   0x08005c30   0x00000066   Code   RO         7208    i.icmp_send_response  icmp.o
    0x08005c96   0x08005c96   0x00000008   Code   RO         7209    i.icmp_time_exceeded  icmp.o
    0x08005c9e   0x08005c9e   0x0000000c   Code   RO         7263    i.inet_chksum       inet_chksum.o
    0x08005caa   0x08005caa   0x00000048   Code   RO         7264    i.inet_chksum_pbuf  inet_chksum.o
    0x08005cf2   0x08005cf2   0x00000040   Code   RO         7376    i.ip4_addr_isbroadcast  ip_addr.o
    0x08005d32   0x08005d32   0x00000002   PAD
    0x08005d34   0x08005d34   0x0000018c   Code   RO         7430    i.ip_frag           ip_frag.o
    0x08005ec0   0x08005ec0   0x00000006   Code   RO         7431    i.ip_frag_alloc_pbuf_custom_ref  ip_frag.o
    0x08005ec6   0x08005ec6   0x00000008   Code   RO         7432    i.ip_frag_free_pbuf_custom_ref  ip_frag.o
    0x08005ece   0x08005ece   0x00000002   PAD
    0x08005ed0   0x08005ed0   0x0000019c   Code   RO         7304    i.ip_input          ip.o
    0x0800606c   0x0800606c   0x00000034   Code   RO         7305    i.ip_output         ip.o
    0x080060a0   0x080060a0   0x000000b0   Code   RO         7306    i.ip_output_if      ip.o
    0x08006150   0x08006150   0x00000170   Code   RO         7433    i.ip_reass          ip_frag.o
    0x080062c0   0x080062c0   0x000000f4   Code   RO         7434    i.ip_reass_chain_frag_into_datagram_and_validate  ip_frag.o
    0x080063b4   0x080063b4   0x00000024   Code   RO         7435    i.ip_reass_dequeue_datagram  ip_frag.o
    0x080063d8   0x080063d8   0x00000054   Code   RO         7436    i.ip_reass_enqueue_new_datagram  ip_frag.o
    0x0800642c   0x0800642c   0x00000074   Code   RO         7437    i.ip_reass_free_complete_datagram  ip_frag.o
    0x080064a0   0x080064a0   0x00000074   Code   RO         7438    i.ip_reass_remove_oldest_datagram  ip_frag.o
    0x08006514   0x08006514   0x00000040   Code   RO         7307    i.ip_route          ip.o
    0x08006554   0x08006554   0x00000018   Code   RO         7440    i.ipfrag_free_pbuf_custom  ip_frag.o
    0x0800656c   0x0800656c   0x00000074   Code   RO         8712    i.low_level_init    ethernetif.o
    0x080065e0   0x080065e0   0x000000c0   Code   RO         8713    i.low_level_input   ethernetif.o
    0x080066a0   0x080066a0   0x000000b4   Code   RO         8714    i.low_level_output  ethernetif.o
    0x08006754   0x08006754   0x00000018   Code   RO         7499    i.lwip_htonl        def.o
    0x0800676c   0x0800676c   0x0000000a   Code   RO         7500    i.lwip_htons        def.o
    0x08006776   0x08006776   0x00000004   Code   RO         7501    i.lwip_ntohl        def.o
    0x0800677a   0x0800677a   0x00000004   Code   RO         7502    i.lwip_ntohs        def.o
    0x0800677e   0x0800677e   0x00000056   Code   RO         7267    i.lwip_standard_chksum  inet_chksum.o
    0x080067d4   0x080067d4   0x00000340   Code   RO         5046    i.main              main.o
    0x08006b14   0x08006b14   0x0000002c   Code   RO         7771    i.mem_free          mem.o
    0x08006b40   0x08006b40   0x00000034   Code   RO         7772    i.mem_init          mem.o
    0x08006b74   0x08006b74   0x000000b8   Code   RO         7773    i.mem_malloc        mem.o
    0x08006c2c   0x08006c2c   0x000000cc   Code   RO         7774    i.mem_trim          mem.o
    0x08006cf8   0x08006cf8   0x00000018   Code   RO         7815    i.memp_free         memp.o
    0x08006d10   0x08006d10   0x00000058   Code   RO         7816    i.memp_init         memp.o
    0x08006d68   0x08006d68   0x00000020   Code   RO         7817    i.memp_malloc       memp.o
    0x08006d88   0x08006d88   0x0000004c   Code   RO         7854    i.netif_add         netif.o
    0x08006dd4   0x08006dd4   0x00000022   Code   RO         7858    i.netif_set_addr    netif.o
    0x08006df6   0x08006df6   0x00000002   PAD
    0x08006df8   0x08006df8   0x0000000c   Code   RO         7859    i.netif_set_default  netif.o
    0x08006e04   0x08006e04   0x0000001a   Code   RO         7860    i.netif_set_down    netif.o
    0x08006e1e   0x08006e1e   0x0000000e   Code   RO         7861    i.netif_set_gw      netif.o
    0x08006e2c   0x08006e2c   0x0000006c   Code   RO         7862    i.netif_set_ipaddr  netif.o
    0x08006e98   0x08006e98   0x00000008   Code   RO         7863    i.netif_set_link_callback  netif.o
    0x08006ea0   0x08006ea0   0x0000001a   Code   RO         7864    i.netif_set_link_down  netif.o
    0x08006eba   0x08006eba   0x00000042   Code   RO         7865    i.netif_set_link_up  netif.o
    0x08006efc   0x08006efc   0x0000000e   Code   RO         7866    i.netif_set_netmask  netif.o
    0x08006f0a   0x08006f0a   0x00000020   Code   RO         7867    i.netif_set_up      netif.o
    0x08006f2a   0x08006f2a   0x00000002   PAD
    0x08006f2c   0x08006f2c   0x00000028   Code   RO         6149    i.on_connected      camtcp_capture.o
    0x08006f54   0x08006f54   0x00000014   Code   RO         6150    i.on_err            camtcp_capture.o
    0x08006f68   0x08006f68   0x0000000c   Code   RO         6151    i.on_poll           camtcp_capture.o
    0x08006f74   0x08006f74   0x00000078   Code   RO         6152    i.on_recv           camtcp_capture.o
    0x08006fec   0x08006fec   0x0000000c   Code   RO         6153    i.on_sent           camtcp_capture.o
    0x08006ff8   0x08006ff8   0x0000012e   Code   RO         7954    i.pbuf_alloc        pbuf.o
    0x08007126   0x08007126   0x0000005a   Code   RO         7955    i.pbuf_alloced_custom  pbuf.o
    0x08007180   0x08007180   0x00000028   Code   RO         7956    i.pbuf_cat          pbuf.o
    0x080071a8   0x080071a8   0x00000014   Code   RO         7957    i.pbuf_chain        pbuf.o
    0x080071bc   0x080071bc   0x00000012   Code   RO         7958    i.pbuf_clen         pbuf.o
    0x080071ce   0x080071ce   0x000000a0   Code   RO         7960    i.pbuf_copy         pbuf.o
    0x0800726e   0x0800726e   0x0000006c   Code   RO         7961    i.pbuf_copy_partial  pbuf.o
    0x080072da   0x080072da   0x0000005e   Code   RO         7963    i.pbuf_free         pbuf.o
    0x08007338   0x08007338   0x00000068   Code   RO         7965    i.pbuf_header       pbuf.o
    0x080073a0   0x080073a0   0x0000004e   Code   RO         7968    i.pbuf_realloc      pbuf.o
    0x080073ee   0x080073ee   0x0000000c   Code   RO         7969    i.pbuf_ref          pbuf.o
    0x080073fa   0x080073fa   0x00000002   PAD
    0x080073fc   0x080073fc   0x00000054   Code   RO         7775    i.plug_holes        mem.o
    0x08007450   0x08007450   0x00000074   Code   RO         8070    i.raw_input         raw.o
    0x080074c4   0x080074c4   0x0000000a   Code   RO         6154    i.rd_u16be          camtcp_capture.o
    0x080074ce   0x080074ce   0x00000016   Code   RO         6155    i.rd_u32be          camtcp_capture.o
    0x080074e4   0x080074e4   0x00000144   Code   RO         6156    i.rx_parse          camtcp_capture.o
    0x08007628   0x08007628   0x0000008c   Code   RO         8136    i.tcp_abandon       tcp.o
    0x080076b4   0x080076b4   0x00000006   Code   RO         8137    i.tcp_abort         tcp.o
    0x080076ba   0x080076ba   0x00000002   PAD
    0x080076bc   0x080076bc   0x000000a4   Code   RO         8140    i.tcp_alloc         tcp.o
    0x08007760   0x08007760   0x00000004   Code   RO         8141    i.tcp_arg           tcp.o
    0x08007764   0x08007764   0x00000014   Code   RO         8143    i.tcp_close         tcp.o
    0x08007778   0x08007778   0x00000164   Code   RO         8144    i.tcp_close_shutdown  tcp.o
    0x080078dc   0x080078dc   0x00000100   Code   RO         8145    i.tcp_connect       tcp.o
    0x080079dc   0x080079dc   0x000000a0   Code   RO         8413    i.tcp_create_segment  tcp_out.o
    0x08007a7c   0x08007a7c   0x00000020   Code   RO         8147    i.tcp_eff_send_mss  tcp.o
    0x08007a9c   0x08007a9c   0x000000cc   Code   RO         8414    i.tcp_enqueue_flags  tcp_out.o
    0x08007b68   0x08007b68   0x00000006   Code   RO         8148    i.tcp_err           tcp.o
    0x08007b6e   0x08007b6e   0x00000002   PAD
    0x08007b70   0x08007b70   0x00000058   Code   RO         8149    i.tcp_fasttmr       tcp.o
    0x08007bc8   0x08007bc8   0x0000034c   Code   RO         8365    i.tcp_input         tcp_in.o
    0x08007f14   0x08007f14   0x0000003e   Code   RO         8415    i.tcp_keepalive     tcp_out.o
    0x08007f52   0x08007f52   0x00000002   PAD
    0x08007f54   0x08007f54   0x00000044   Code   RO         8151    i.tcp_kill_prio     tcp.o
    0x08007f98   0x08007f98   0x00000034   Code   RO         8152    i.tcp_kill_timewait  tcp.o
    0x08007fcc   0x08007fcc   0x000000ec   Code   RO         8366    i.tcp_listen_input  tcp_in.o
    0x080080b8   0x080080b8   0x00000006   Code   RO         8154    i.tcp_new           tcp.o
    0x080080be   0x080080be   0x00000002   PAD
    0x080080c0   0x080080c0   0x00000058   Code   RO         8155    i.tcp_new_port      tcp.o
    0x08008118   0x08008118   0x00000010   Code   RO         8156    i.tcp_next_iss      tcp.o
    0x08008128   0x08008128   0x00000188   Code   RO         8416    i.tcp_output        tcp_out.o
    0x080082b0   0x080082b0   0x0000006c   Code   RO         8417    i.tcp_output_alloc_header  tcp_out.o
    0x0800831c   0x0800831c   0x000000b0   Code   RO         8418    i.tcp_output_segment  tcp_out.o
    0x080083cc   0x080083cc   0x00000088   Code   RO         8367    i.tcp_parseopt      tcp_in.o
    0x08008454   0x08008454   0x00000052   Code   RO         8419    i.tcp_pbuf_prealloc  tcp_out.o
    0x080084a6   0x080084a6   0x0000003a   Code   RO         8157    i.tcp_pcb_purge     tcp.o
    0x080084e0   0x080084e0   0x0000005c   Code   RO         8158    i.tcp_pcb_remove    tcp.o
    0x0800853c   0x0800853c   0x00000008   Code   RO         8159    i.tcp_poll          tcp.o
    0x08008544   0x08008544   0x00000418   Code   RO         8368    i.tcp_process       tcp_in.o
    0x0800895c   0x0800895c   0x0000006a   Code   RO         8160    i.tcp_process_refused_data  tcp.o
    0x080089c6   0x080089c6   0x00000002   PAD
    0x080089c8   0x080089c8   0x00000436   Code   RO         8369    i.tcp_receive       tcp_in.o
    0x08008dfe   0x08008dfe   0x00000004   Code   RO         8161    i.tcp_recv          tcp.o
    0x08008e02   0x08008e02   0x00000026   Code   RO         8162    i.tcp_recv_null     tcp.o
    0x08008e28   0x08008e28   0x00000038   Code   RO         8163    i.tcp_recved        tcp.o
    0x08008e60   0x08008e60   0x00000050   Code   RO         8420    i.tcp_rexmit        tcp_out.o
    0x08008eb0   0x08008eb0   0x0000005e   Code   RO         8421    i.tcp_rexmit_fast   tcp_out.o
    0x08008f0e   0x08008f0e   0x0000002e   Code   RO         8422    i.tcp_rexmit_rto    tcp_out.o
    0x08008f3c   0x08008f3c   0x00000078   Code   RO         8423    i.tcp_rst           tcp_out.o
    0x08008fb4   0x08008fb4   0x0000001e   Code   RO         8164    i.tcp_seg_free      tcp.o
    0x08008fd2   0x08008fd2   0x00000012   Code   RO         8165    i.tcp_segs_free     tcp.o
    0x08008fe4   0x08008fe4   0x00000048   Code   RO         8424    i.tcp_send_empty_ack  tcp_out.o
    0x0800902c   0x0800902c   0x00000048   Code   RO         8425    i.tcp_send_fin      tcp_out.o
    0x08009074   0x08009074   0x00000004   Code   RO         8166    i.tcp_sent          tcp.o
    0x08009078   0x08009078   0x00000270   Code   RO         8169    i.tcp_slowtmr       tcp.o
    0x080092e8   0x080092e8   0x00000002   Code   RO         8510    i.tcp_timer_needed  timers.o
    0x080092ea   0x080092ea   0x00000002   PAD
    0x080092ec   0x080092ec   0x00000074   Code   RO         8370    i.tcp_timewait_input  tcp_in.o
    0x08009360   0x08009360   0x00000020   Code   RO         8170    i.tcp_tmr           tcp.o
    0x08009380   0x08009380   0x00000036   Code   RO         8171    i.tcp_update_rcv_ann_wnd  tcp.o
    0x080093b6   0x080093b6   0x000002ae   Code   RO         8426    i.tcp_write         tcp_out.o
    0x08009664   0x08009664   0x0000004e   Code   RO         8427    i.tcp_write_checks  tcp_out.o
    0x080096b2   0x080096b2   0x0000009a   Code   RO         8428    i.tcp_zero_window_probe  tcp_out.o
    0x0800974c   0x0800974c   0x00000098   Code   RO         6157    i.tx_kick           camtcp_capture.o
    0x080097e4   0x080097e4   0x00000074   Code   RO         8522    i.udp_bind          udp.o
    0x08009858   0x08009858   0x00000194   Code   RO         8526    i.udp_input         udp.o
    0x080099ec   0x080099ec   0x00000048   Code   RO         8528    i.udp_new_port      udp.o
    0x08009a34   0x08009a34   0x000000bc   Code   RO         8533    i.udp_sendto_if     udp.o
    0x08009af0   0x08009af0   0x00000008   Code   RO         6158    i.wr_u16be          camtcp_capture.o
    0x08009af8   0x08009af8   0x00000010   Code   RO         6159    i.wr_u32be          camtcp_capture.o
    0x08009b08   0x08009b08   0x000011d0   Data   RO         5605    .constdata          fonts.o
    0x0800acd8   0x0800acd8   0x00000085   Data   RO         5887    .constdata          bsp_ov5640.o
    0x0800ad5d   0x0800ad5d   0x00000003   PAD
    0x0800ad60   0x0800ad60   0x00000004   Data   RO         7384    .constdata          ip_addr.o
    0x0800ad64   0x0800ad64   0x00000024   Data   RO         7819    .constdata          memp.o
    0x0800ad88   0x0800ad88   0x00000054   Data   RO         8172    .constdata          tcp.o
    0x0800addc   0x0800addc   0x0000000c   Data   RO         8631    .constdata          etharp.o
    0x0800ade8   0x0800ade8   0x0000008f   Data   RO         6091    .conststring        ov5640_af.o
    0x0800ae77   0x0800ae77   0x00000001   PAD
    0x0800ae78   0x0800ae78   0x00000075   Data   RO         8173    .conststring        tcp.o
    0x0800aeed   0x0800aeed   0x00000003   PAD
    0x0800aef0   0x0800aef0   0x00000020   Data   RO         9105    Region$$Table       anon$$obj.o


    Execution Region RW_IRAM1 (Exec base: 0x20000000, Load base: 0x0800af10, Size: 0x00009a78, Max: 0x00030000, ABSOLUTE, COMPRESSED[0x0000110c])

    Exec Addr    Load Addr    Size         Type   Attr      Idx    E Section Name        Object

    0x20000000   COMPRESSED   0x00000014   Data   RW           16    .data               system_stm32f4xx.o
    0x20000014   COMPRESSED   0x00000010   Data   RW         2917    .data               stm32f4xx_rcc.o
    0x20000024   COMPRESSED   0x0000000c   Data   RW         5049    .data               main.o
    0x20000030   COMPRESSED   0x00000004   Data   RW         5177    .data               stm32f4xx_it.o
    0x20000034   COMPRESSED   0x00000010   Data   RW         5351    .data               bsp_lcd.o
    0x20000044   COMPRESSED   0x00000008   Data   RW         5609    .data               fonts.o
    0x2000004c   COMPRESSED   0x00000001   Data   RW         5613    .data               fonts.o
    0x2000004d   COMPRESSED   0x00000003   PAD
    0x20000050   COMPRESSED   0x00000004   Data   RW         5698    .data               bsp_spi_flash.o
    0x20000054   COMPRESSED   0x00000004   Data   RW         5806    .data               bsp_systick.o
    0x20000058   COMPRESSED   0x00000480   Data   RW         5888    .data               bsp_ov5640.o
    0x200004d8   COMPRESSED   0x00000f5d   Data   RW         6092    .data               ov5640_af.o
    0x20001435   COMPRESSED   0x00000003   PAD
    0x20001438   COMPRESSED   0x0000002a   Data   RW         6161    .data               camtcp_capture.o
    0x20001462   COMPRESSED   0x00000002   PAD
    0x20001464   COMPRESSED   0x0000000c   Data   RW         6299    .data               netconf.o
    0x20001470   COMPRESSED   0x00000008   Data   RW         6506    .data               stm32f429_phy.o
    0x20001478   COMPRESSED   0x0000000c   Data   RW         6677    .data               stm32f429_eth.o
    0x20001484   COMPRESSED   0x00000014   Data   RW         7308    .data               ip.o
    0x20001498   COMPRESSED   0x00000008   Data   RW         7441    .data               ip_frag.o
    0x200014a0   COMPRESSED   0x00000004   Data   RW         7564    .data               dhcp.o
    0x200014a4   COMPRESSED   0x0000000c   Data   RW         7777    .data               mem.o
    0x200014b0   COMPRESSED   0x0000000c   Data   RW         7868    .data               netif.o
    0x200014bc   COMPRESSED   0x00000004   Data   RW         8076    .data               raw.o
    0x200014c0   COMPRESSED   0x00000024   Data   RW         8174    .data               tcp.o
    0x200014e4   COMPRESSED   0x0000001c   Data   RW         8372    .data               tcp_in.o
    0x20001500   COMPRESSED   0x00000008   Data   RW         8534    .data               udp.o
    0x20001508   COMPRESSED   0x00000001   Data   RW         8632    .data               etharp.o
    0x20001509   COMPRESSED   0x00000003   PAD
    0x2000150c   COMPRESSED   0x00000004   Data   RW         9079    .data               mc_w.l(stdout.o)
    0x20001510        -       0x0000000c   Zero   RW         5047    .bss                main.o
    0x2000151c        -       0x000001a0   Zero   RW         5886    .bss                bsp_ov5640.o
    0x200016bc        -       0x00000358   Zero   RW         6160    .bss                camtcp_capture.o
    0x20001a14        -       0x00000038   Zero   RW         6298    .bss                netconf.o
    0x20001a4c        -       0x000000bc   Zero   RW         6505    .bss                stm32f429_phy.o
    0x20001b08        -       0x00000080   Zero   RW         6672    .bss                stm32f429_eth.o
    0x20001b88        -       0x00000080   Zero   RW         6673    .bss                stm32f429_eth.o
    0x20001c08        -       0x000017d0   Zero   RW         6674    .bss                stm32f429_eth.o
    0x200033d8        -       0x000017d0   Zero   RW         6675    .bss                stm32f429_eth.o
    0x20004ba8        -       0x0000000c   Zero   RW         6676    .bss                stm32f429_eth.o
    0x20004bb4        -       0x00002814   Zero   RW         7776    .bss                mem.o
    0x200073c8        -       0x000021d7   Zero   RW         7818    .bss                memp.o
    0x2000959f   COMPRESSED   0x00000001   PAD
    0x200095a0        -       0x00000010   Zero   RW         8371    .bss                tcp_in.o
    0x200095b0        -       0x000000c8   Zero   RW         8630    .bss                etharp.o
    0x20009678        -       0x00000400   Zero   RW            1    STACK               startup_stm32f429_439xx.o



  Load Region LR$$.ARM.__AT_0xD0100000 (Base: 0xd0100000, Size: 0x00000000, Max: 0x0003fc00, ABSOLUTE)

    Execution Region ER$$.ARM.__AT_0xD0100000 (Exec base: 0xd0100000, Load base: 0xd0100000, Size: 0x0003fc00, Max: 0x0003fc00, ABSOLUTE, UNINIT)

    Exec Addr    Load Addr    Size         Type   Attr      Idx    E Section Name        Object

    0xd0100000        -       0x0003fc00   Zero   RW         5884    .ARM.__AT_0xD0100000  bsp_ov5640.o



  Load Region LR$$.ARM.__AT_0xD0300000 (Base: 0xd0300000, Size: 0x00000000, Max: 0x0003fc00, ABSOLUTE)

    Execution Region ER$$.ARM.__AT_0xD0300000 (Exec base: 0xd0300000, Load base: 0xd0300000, Size: 0x0003fc00, Max: 0x0003fc00, ABSOLUTE, UNINIT)

    Exec Addr    Load Addr    Size         Type   Attr      Idx    E Section Name        Object

    0xd0300000        -       0x0003fc00   Zero   RW         5885    .ARM.__AT_0xD0300000  bsp_ov5640.o


==============================================================================

Image component sizes


      Code (inc. data)   RO Data    RW Data    ZI Data      Debug   Object Name

       188         16          0          0          0       1429   bsp_debug_usart.o
        38          0          0          0          0       1075   bsp_key_1.o
      1810        114          0         16          0      11259   bsp_lcd.o
      4136        282        133       1152     522656      29851   bsp_ov5640.o
      1216         28          0          0          0       3401   bsp_sdram.o
       472         72          0          4          0       3585   bsp_spi_flash.o
       124         22          0          4          0      29562   bsp_systick.o
      1188        114          0         42        856      24286   camtcp_capture.o
        42          0          0          0          0       2380   def.o
      1078         22          0          4          0      10752   dhcp.o
      1744         64         12          1        200      15536   etharp.o
       570         42          0          0          0       5578   ethernetif.o
        76          4       4560          9          0       2594   fonts.o
       406         10          0          0          0       4786   icmp.o
         0          0          0          0          0       3896   inet.o
       170          0          0          0          0       3125   inet_chksum.o
       704         22          0         20          0      23872   ip.o
        64          0          4          0          0       7586   ip_addr.o
      1398         38          0          8          0      11881   ip_frag.o
       984        434          0         12         12      19299   main.o
       568         34          0         12      10260       5749   mem.o
       144         20         36          0       8663       3674   memp.o
       124         16          0          0          0       1979   misc.o
       424        184          0         12         56      15766   netconf.o
       416         22          0         12          0      10522   netif.o
       726        204        143       3933          0       3448   ov5640_af.o
      1026          0          0          0          0      10767   pbuf.o
       116         14          0          4          0       1804   raw.o
        36          8        428          0       1024       1032   startup_stm32f429_439xx.o
      1902        154          0         12      12460      16937   stm32f429_eth.o
       784         74          0          8        188      52402   stm32f429_phy.o
       232         42          0          0          0       5570   stm32f4xx_dcmi.o
       326         28          0          0          0       7382   stm32f4xx_dma.o
       244         18          0          0          0       3648   stm32f4xx_dma2d.o
       364         10          0          0          0       4239   stm32f4xx_fmc.o
       178          0          0          0          0       4311   stm32f4xx_gpio.o
       436         22          0          0          0       8301   stm32f4xx_i2c.o
        86         24          0          4          0       5726   stm32f4xx_it.o
       422         30          0          0          0       5927   stm32f4xx_ltdc.o
       468         80          0         16          0      11413   stm32f4xx_rcc.o
       102          0          0          0          0       4318   stm32f4xx_spi.o
        12          6          0          0          0        698   stm32f4xx_syscfg.o
       234          8          0          0          0       4096   stm32f4xx_usart.o
       304         34          0         20          0     337381   system_stm32f4xx.o
      2426         88        201         36          0      32143   tcp.o
         0          0          0          0          0       1775   tcp_echoclient.o
      3458        130          0         28         16      17731   tcp_in.o
      2586          8          0          0          0      17103   tcp_out.o
         2          0          0          0          0        555   timers.o
       780         24          0          8          0      14273   udp.o

    ----------------------------------------------------------------------
     35396       2566       5556       5388     556392     826403   Object Totals
         0          0         32          0          0          0   (incl. Generated)
        62          0          7         11          1          0   (incl. Padding)

    ----------------------------------------------------------------------

      Code (inc. data)   RO Data    RW Data    ZI Data      Debug   Library Member Name

        94          0          0          0          0          0   __dclz77c.o
         0          0          0          0          0          0   entry.o
         0          0          0          0          0          0   entry10a.o
         0          0          0          0          0          0   entry11a.o
         4          0          0          0          0          0   entry12b.o
         8          4          0          0          0          0   entry2.o
         4          0          0          0          0          0   entry5.o
         0          0          0          0          0          0   entry7b.o
         0          0          0          0          0          0   entry8b.o
         8          4          0          0          0          0   entry9a.o
        30          0          0          0          0          0   handlers.o
        36          8          0          0          0         68   init.o
         0          0          0          0          0          0   iusefp.o
        30          0          0          0          0         68   llshl.o
        36          0          0          0          0         68   llsshr.o
        32          0          0          0          0         68   llushr.o
        26          0          0          0          0         80   memcmp.o
        64          0          0          0          0         76   memmovea.o
        36          0          0          0          0        108   memseta.o
      2218         90          0          0          0        464   printfa.o
         0          0          0          4          0          0   stdout.o
        44          0          0          0          0         80   uidiv.o
        98          0          0          0          0         92   uldiv.o
        48          0          0          0          0         68   cdrcmple.o
       334          0          0          0          0        148   dadd.o
       222          0          0          0          0        100   ddiv.o
       186          0          0          0          0        176   depilogue.o
        48          0          0          0          0         68   dfixul.o
        26          0          0          0          0         76   dfltui.o
       228          0          0          0          0         96   dmul.o

    ----------------------------------------------------------------------
      3864        106          0          4          0       1904   Library Totals
         4          0          0          0          0          0   (incl. Padding)

    ----------------------------------------------------------------------

      Code (inc. data)   RO Data    RW Data    ZI Data      Debug   Library Name

      2768        106          0          4          0       1172   mc_w.l
      1092          0          0          0          0        732   mf_w.l

    ----------------------------------------------------------------------
      3864        106          0          4          0       1904   Library Totals

    ----------------------------------------------------------------------

==============================================================================


      Code (inc. data)   RO Data    RW Data    ZI Data      Debug   

     39260       2672       5556       5392     556392     794903   Grand Totals
     39260       2672       5556       4364     556392     794903   ELF Image Totals (compressed)
     39260       2672       5556       4364          0          0   ROM Totals

==============================================================================

    Total RO  Size (Code + RO Data)                44816 (  43.77kB)
    Total RW  Size (RW Data + ZI Data)            561784 ( 548.62kB)
    Total ROM Size (Code + RO Data + RW Data)      49180 (  48.03kB)

==============================================================================

